******************************************************************************
                  TI ARM Linker PC v16.9.4                     
******************************************************************************
>> Linked Mon Oct 23 10:54:26 2017

OUTPUT FILE NAME:   <LAB1.out>
ENTRY POINT SYMBOL: "_c_int00"  address: 200051b5


MEMORY CONFIGURATION

         name            origin    length      used     unused   attr    fill
----------------------  --------  ---------  --------  --------  ----  --------
  SRAM_CODE             20004000   00019000  0000179a  00017866  RW X
  SRAM_DATA             2001d000   00023000  0000083b  000227c5  RW X


SEGMENT ALLOCATION MAP

run origin  load origin   length   init length attrs members
----------  ----------- ---------- ----------- ----- -------
20004000    20004000    000017a0   000017a0    r-x
  20004000    20004000    00000400   00000400    r-- .intvecs
  20004400    20004400    0000104e   0000104e    r-x .text
  20005450    20005450    000002fc   000002fc    r-- .const
  20005750    20005750    00000050   00000050    r-- .cinit
2001d000    2001d000    0000003b   00000000    rw-
  2001d000    2001d000    00000038   00000000    rw- .data
  2001d038    2001d038    00000003   00000000    rw- .bss
2003f800    2003f800    00000800   00000000    rw-
  2003f800    2003f800    00000800   00000000    rw- .stack


SECTION ALLOCATION MAP

 output                                  attributes/
section   page    origin      length       input sections
--------  ----  ----------  ----------   ----------------
.intvecs   0    20004000    00000400     
                  20004000    00000400     startup_ccs.obj (.intvecs)

.init_array 
*          0    20004000    00000000     UNINITIALIZED

.text      0    20004400    0000104e     
                  20004400    00000398     gpio_if.obj (.text)
                  20004798    000001d8     main.obj (.text)
                  20004970    00000178     driverlib.a : prcm.obj (.text:PRCMCC3200MCUInit)
                  20004ae8    00000158     pin_mux_config.obj (.text)
                  20004c40    000000a8     driverlib.a : interrupt.obj (.text:IntEnable)
                  20004ce8    0000009c     rtsv7M4_T_le_eabi.lib : memcpy_t2.obj (.text)
                  20004d84    00000088     driverlib.a : pin.obj (.text:PinConfigSet)
                  20004e0c    00000082                 : gpio.obj (.text:GPIOIntTypeSet)
                  20004e8e    0000007a     rtsv7M4_T_le_eabi.lib : memset_t2.obj (.text)
                  20004f08    00000070                           : autoinit.obj (.text)
                  20004f78    00000068                           : copy_decompress_lzss.obj (.text:decompress:lzss)
                  20004fe0    00000058     driverlib.a : prcm.obj (.text:PRCMPeripheralReset)
                  20005038    00000054                 : interrupt.obj (.text:IntPrioritySet)
                  2000508c    00000054     rtsv7M4_T_le_eabi.lib : exit.obj (.text)
                  200050e0    0000004c                           : cpy_tbl.obj (.text)
                  2000512c    00000048     driverlib.a : gpio.obj (.text:GPIOGetIntNumber)
                  20005174    00000040                 : pin.obj (.text:PinModeSet)
                  200051b4    00000040     rtsv7M4_T_le_eabi.lib : boot.obj (.text)
                  200051f4    0000003c     driverlib.a : prcm.obj (.text:PRCMPeripheralClkEnable)
                  20005230    00000036                 : gpio.obj (.text:GPIODirModeSet)
                  20005266    00000030                 : pin.obj (.text:PinTypeGPIO)
                  20005296    00000002     rtsv7M4_T_le_eabi.lib : mpu_init.obj (.text)
                  20005298    0000002c     driverlib.a : prcm.obj (.text:PRCMSysResetCauseGet)
                  200052c4    00000028                 : prcm.obj (.text:PRCMPeripheralClkDisable)
                  200052ec    00000020                 : gpio.obj (.text:GPIOPinWrite)
                  2000530c    00000020                 : interrupt.obj (.text:IntRegister)
                  2000532c    0000001e                 : gpio.obj (.text:GPIOIntRegister)
                  2000534a    0000001a                 : gpio.obj (.text:GPIOIntEnable)
                  20005364    00000018                 : gpio.obj (.text:GPIOPinRead)
                  2000537c    00000018     rtsv7M4_T_le_eabi.lib : args_main.obj (.text)
                  20005394    00000016     driverlib.a : prcm.obj (.text:PRCMHIBRegRead)
                  200053aa    00000016                 : prcm.obj (.text:PRCMHIBRegWrite)
                  200053c0    00000014                 : cpu.obj (.text:CPUcpsie)
                  200053d4    00000014                 : gpio.obj (.text:GPIOIntClear)
                  200053e8    00000014                 : interrupt.obj (.text:IntVTableBaseSet)
                  200053fc    00000014     rtsv7M4_T_le_eabi.lib : _lock.obj (.text)
                  20005410    0000000e                           : copy_decompress_none.obj (.text:decompress:none)
                  2000541e    0000000e     startup_ccs.obj (.text)
                  2000542c    0000000c     rtsv7M4_T_le_eabi.lib : copy_zero_init.obj (.text:decompress:ZI)
                  20005438    0000000a     driverlib.a : interrupt.obj (.text:IntMasterEnable)
                  20005442    00000006                 : utils.obj (.text:UtilsDelay)
                  20005448    00000004     rtsv7M4_T_le_eabi.lib : pre_init.obj (.text)
                  2000544c    00000002                           : startup.obj (.text)

.const     0    20005450    000002fc     
                  20005450    00000100     driverlib.a : pin.obj (.const:g_ulPinToPadMap)
                  20005550    000000d4                 : interrupt.obj (.const:g_pulRegs)
                  20005624    000000a8                 : prcm.obj (.const:PRCM_PeriphRegsList)
                  200056cc    00000080                 : interrupt.obj (.const)

.cinit     0    20005750    00000050     
                  20005750    00000025     (.cinit..data.load) [load image, compression = lzss]
                  20005775    00000003     --HOLE-- [fill = 0]
                  20005778    0000000c     (__TI_handler_table)
                  20005784    00000004     --HOLE-- [fill = 0]
                  20005788    00000008     (.cinit..bss.load) [load image, compression = zero_init]
                  20005790    00000010     (__TI_cinit_table)

.data      0    2001d000    00000038     UNINITIALIZED
                  2001d000    00000014     gpio_if.obj (.data:ulReg)
                  2001d014    0000000c     rtsv7M4_T_le_eabi.lib : exit.obj (.data:$O1$$)
                  2001d020    0000000c     gpio_if.obj (.data)
                  2001d02c    00000008     rtsv7M4_T_le_eabi.lib : _lock.obj (.data:$O1$$)
                  2001d034    00000004                           : stkdepth_vars.obj (.data)

.bss       0    2001d038    00000003     UNINITIALIZED
                  2001d038    00000001     (.common:g_ucLED1Pin)
                  2001d039    00000001     (.common:g_ucLED2Pin)
                  2001d03a    00000001     (.common:g_ucLED3Pin)

.stack     0    2003f800    00000800     UNINITIALIZED
                  2003f800    00000800     --HOLE--

MODULE SUMMARY

       Module                     code   ro data   rw data
       ------                     ----   -------   -------
    .\
       startup_ccs.obj            14     1024      0      
       gpio_if.obj                920    0         35     
       main.obj                   472    0         0      
       pin_mux_config.obj         344    0         0      
    +--+--------------------------+------+---------+---------+
       Total:                     1750   1024      35     
                                                          
    C:/ti/CC3200SDK_1.3.0/cc3200-sdk/driverlib/ccs/Release/driverlib.a
       prcm.obj                   652    168       0      
       interrupt.obj              314    340       0      
       pin.obj                    248    256       0      
       gpio.obj                   388    0         0      
       cpu.obj                    20     0         0      
       utils.obj                  6      0         0      
    +--+--------------------------+------+---------+---------+
       Total:                     1628   764       0      
                                                          
    F:\Embedded LAB\tiCSS\ccsv7\tools\compiler\ti-cgt-arm_16.9.4.LTS\lib\rtsv7M4_T_le_eabi.lib
       memcpy_t2.obj              156    0         0      
       memset_t2.obj              122    0         0      
       autoinit.obj               112    0         0      
       copy_decompress_lzss.obj   104    0         0      
       exit.obj                   84     0         12     
       cpy_tbl.obj                76     0         0      
       boot.obj                   64     0         0      
       _lock.obj                  20     0         8      
       args_main.obj              24     0         0      
       copy_decompress_none.obj   14     0         0      
       copy_zero_init.obj         12     0         0      
       pre_init.obj               4      0         0      
       stkdepth_vars.obj          0      0         4      
       mpu_init.obj               2      0         0      
       startup.obj                2      0         0      
    +--+--------------------------+------+---------+---------+
       Total:                     796    0         24     
                                                          
       Stack:                     0      0         2048   
       Linker Generated:          0      73        0      
    +--+--------------------------+------+---------+---------+
       Grand Total:               4174   1861      2107   


LINKER GENERATED COPY TABLES

__TI_cinit_table @ 20005790 records: 2, size/record: 8, table size: 16
	.data: load addr=20005750, load size=00000025 bytes, run addr=2001d000, run size=00000038 bytes, compression=lzss
	.bss: load addr=20005788, load size=00000008 bytes, run addr=2001d038, run size=00000003 bytes, compression=zero_init


LINKER GENERATED HANDLER TABLE

__TI_handler_table @ 20005778 records: 3, size/record: 4, table size: 12
	index: 0, handler: __TI_decompress_lzss
	index: 1, handler: __TI_decompress_none
	index: 2, handler: __TI_zero_init


GLOBAL SYMBOLS: SORTED ALPHABETICALLY BY Name 

address   name                           
-------   ----                           
2000508d  C$$EXIT                        
200053c1  CPUcpsie                       
20005231  GPIODirModeSet                 
200053d5  GPIOIntClear                   
2000534b  GPIOIntEnable                  
2000532d  GPIOIntRegister                
20004e0d  GPIOIntTypeSet                 
20005365  GPIOPinRead                    
200052ed  GPIOPinWrite                   
200046c1  GPIO_IF_ConfigureNIntEnable    
2000474d  GPIO_IF_Get                    
2000467b  GPIO_IF_GetPortNPin            
2000443d  GPIO_IF_LedConfigure           
2000452f  GPIO_IF_LedOff                 
2000447b  GPIO_IF_LedOn                  
200045e3  GPIO_IF_LedStatus              
2000464d  GPIO_IF_LedToggle              
20004709  GPIO_IF_Set                    
20004c41  IntEnable                      
20005439  IntMasterEnable                
20005039  IntPrioritySet                 
2000530d  IntRegister                    
200053e9  IntVTableBaseSet               
20004971  PRCMCC3200MCUInit              
20005395  PRCMHIBRegRead                 
200053ab  PRCMHIBRegWrite                
200052c5  PRCMPeripheralClkDisable       
200051f5  PRCMPeripheralClkEnable        
20004fe1  PRCMPeripheralReset            
20005299  PRCMSysResetCauseGet           
20004d85  PinConfigSet                   
20005175  PinModeSet                     
20004ae9  PinMuxConfig                   
20005267  PinTypeGPIO                    
20004799  PushRoutine                    
2000541f  ResetISR                       
UNDEFED   SHT$$INIT_ARRAY$$Base          
UNDEFED   SHT$$INIT_ARRAY$$Limit         
2000482f  SaturateSpeed                  
20005443  UtilsDelay                     
20040000  __STACK_END                    
00000800  __STACK_SIZE                   
20005790  __TI_CINIT_Base                
200057a0  __TI_CINIT_Limit               
20005778  __TI_Handler_Table_Base        
20005784  __TI_Handler_Table_Limit       
20004f09  __TI_auto_init                 
2001d014  __TI_cleanup_ptr               
20004f79  __TI_decompress_lzss           
20005411  __TI_decompress_none           
2001d018  __TI_dtors_ptr                 
2001d01c  __TI_enable_exit_profile_output
ffffffff  __TI_pprof_out_hndl            
ffffffff  __TI_prof_data_size            
ffffffff  __TI_prof_data_start           
20005750  __TI_static_base__             
2000542d  __TI_zero_init                 
20004e8f  __aeabi_memclr                 
20004e8f  __aeabi_memclr4                
20004e8f  __aeabi_memclr8                
20004ce9  __aeabi_memcpy                 
20004ce9  __aeabi_memcpy4                
20004ce9  __aeabi_memcpy8                
20004e91  __aeabi_memset                 
20004e91  __aeabi_memset4                
20004e91  __aeabi_memset8                
ffffffff  __binit__                      
ffffffff  __c_args__                     
20005297  __mpu_init                     
2003f800  __stack                        
2000537d  _args_main                     
200051b5  _c_int00                       
2001d02c  _lock                          
2000540b  _nop                           
20005403  _register_lock                 
200053fd  _register_unlock               
2000544d  _system_post_cinit             
20005449  _system_pre_init               
2001d030  _unlock                        
20005091  abort                          
ffffffff  binit                          
200050e1  copy_in                        
20005099  exit                           
20004000  g_pfnVectors                   
2001d038  g_ucLED1Pin                    
2001d039  g_ucLED2Pin                    
2001d03a  g_ucLED3Pin                    
2001d020  g_uiLED1Port                   
2001d024  g_uiLED2Port                   
2001d028  g_uiLED3Port                   
2000488d  main                           
2001d034  main_func_sp                   
20004ce9  memcpy                         
20004e97  memset                         


GLOBAL SYMBOLS: SORTED BY Symbol Address 

address   name                           
-------   ----                           
00000800  __STACK_SIZE                   
20004000  g_pfnVectors                   
2000443d  GPIO_IF_LedConfigure           
2000447b  GPIO_IF_LedOn                  
2000452f  GPIO_IF_LedOff                 
200045e3  GPIO_IF_LedStatus              
2000464d  GPIO_IF_LedToggle              
2000467b  GPIO_IF_GetPortNPin            
200046c1  GPIO_IF_ConfigureNIntEnable    
20004709  GPIO_IF_Set                    
2000474d  GPIO_IF_Get                    
20004799  PushRoutine                    
2000482f  SaturateSpeed                  
2000488d  main                           
20004971  PRCMCC3200MCUInit              
20004ae9  PinMuxConfig                   
20004c41  IntEnable                      
20004ce9  __aeabi_memcpy                 
20004ce9  __aeabi_memcpy4                
20004ce9  __aeabi_memcpy8                
20004ce9  memcpy                         
20004d85  PinConfigSet                   
20004e0d  GPIOIntTypeSet                 
20004e8f  __aeabi_memclr                 
20004e8f  __aeabi_memclr4                
20004e8f  __aeabi_memclr8                
20004e91  __aeabi_memset                 
20004e91  __aeabi_memset4                
20004e91  __aeabi_memset8                
20004e97  memset                         
20004f09  __TI_auto_init                 
20004f79  __TI_decompress_lzss           
20004fe1  PRCMPeripheralReset            
20005039  IntPrioritySet                 
2000508d  C$$EXIT                        
20005091  abort                          
20005099  exit                           
200050e1  copy_in                        
20005175  PinModeSet                     
200051b5  _c_int00                       
200051f5  PRCMPeripheralClkEnable        
20005231  GPIODirModeSet                 
20005267  PinTypeGPIO                    
20005297  __mpu_init                     
20005299  PRCMSysResetCauseGet           
200052c5  PRCMPeripheralClkDisable       
200052ed  GPIOPinWrite                   
2000530d  IntRegister                    
2000532d  GPIOIntRegister                
2000534b  GPIOIntEnable                  
20005365  GPIOPinRead                    
2000537d  _args_main                     
20005395  PRCMHIBRegRead                 
200053ab  PRCMHIBRegWrite                
200053c1  CPUcpsie                       
200053d5  GPIOIntClear                   
200053e9  IntVTableBaseSet               
200053fd  _register_unlock               
20005403  _register_lock                 
2000540b  _nop                           
20005411  __TI_decompress_none           
2000541f  ResetISR                       
2000542d  __TI_zero_init                 
20005439  IntMasterEnable                
20005443  UtilsDelay                     
20005449  _system_pre_init               
2000544d  _system_post_cinit             
20005750  __TI_static_base__             
20005778  __TI_Handler_Table_Base        
20005784  __TI_Handler_Table_Limit       
20005790  __TI_CINIT_Base                
200057a0  __TI_CINIT_Limit               
2001d014  __TI_cleanup_ptr               
2001d018  __TI_dtors_ptr                 
2001d01c  __TI_enable_exit_profile_output
2001d020  g_uiLED1Port                   
2001d024  g_uiLED2Port                   
2001d028  g_uiLED3Port                   
2001d02c  _lock                          
2001d030  _unlock                        
2001d034  main_func_sp                   
2001d038  g_ucLED1Pin                    
2001d039  g_ucLED2Pin                    
2001d03a  g_ucLED3Pin                    
2003f800  __stack                        
20040000  __STACK_END                    
ffffffff  __TI_pprof_out_hndl            
ffffffff  __TI_prof_data_size            
ffffffff  __TI_prof_data_start           
ffffffff  __binit__                      
ffffffff  __c_args__                     
ffffffff  binit                          
UNDEFED   SHT$$INIT_ARRAY$$Base          
UNDEFED   SHT$$INIT_ARRAY$$Limit         

[94 symbols]
