<?xml version="1.0"?>
<link_info>
   <banner>TI ARM Linker PC v16.9.4.LTS</banner>
   <copyright>Copyright (c) 1996-2017 Texas Instruments Incorporated</copyright>
   <link_time>0x5a0b7482</link_time>
   <link_errors>0x0</link_errors>
   <output_file>LAB1.out</output_file>
   <entry_point>
      <name>_c_int00</name>
      <address>0x200084a5</address>
   </entry_point>
   <input_file_list>
      <input_file id="fl-2">
         <path>.\</path>
         <kind>object</kind>
         <file>gpio_if.obj</file>
         <name>gpio_if.obj</name>
      </input_file>
      <input_file id="fl-3">
         <path>.\</path>
         <kind>object</kind>
         <file>main.obj</file>
         <name>main.obj</name>
      </input_file>
      <input_file id="fl-4">
         <path>.\</path>
         <kind>object</kind>
         <file>pin_mux_config.obj</file>
         <name>pin_mux_config.obj</name>
      </input_file>
      <input_file id="fl-5">
         <path>.\</path>
         <kind>object</kind>
         <file>startup_ccs.obj</file>
         <name>startup_ccs.obj</name>
      </input_file>
      <input_file id="fl-6">
         <path>.\</path>
         <kind>object</kind>
         <file>timer_if.obj</file>
         <name>timer_if.obj</name>
      </input_file>
      <input_file id="fl-b">
         <kind>object</kind>
         <file>&lt;internal&gt;</file>
         <name>&lt;internal&gt;</name>
      </input_file>
      <input_file id="fl-c1">
         <path>F:\Embedded LAB\tiCSS\ccsv7\tools\compiler\ti-cgt-arm_16.9.4.LTS\lib\</path>
         <kind>archive</kind>
         <file>rtsv7M4_T_le_eabi.lib</file>
         <name>boot.obj</name>
      </input_file>
      <input_file id="fl-c2">
         <path>F:\Embedded LAB\tiCSS\ccsv7\tools\compiler\ti-cgt-arm_16.9.4.LTS\lib\</path>
         <kind>archive</kind>
         <file>rtsv7M4_T_le_eabi.lib</file>
         <name>copy_decompress_lzss.obj</name>
      </input_file>
      <input_file id="fl-c3">
         <path>F:\Embedded LAB\tiCSS\ccsv7\tools\compiler\ti-cgt-arm_16.9.4.LTS\lib\</path>
         <kind>archive</kind>
         <file>rtsv7M4_T_le_eabi.lib</file>
         <name>copy_decompress_none.obj</name>
      </input_file>
      <input_file id="fl-c4">
         <path>F:\Embedded LAB\tiCSS\ccsv7\tools\compiler\ti-cgt-arm_16.9.4.LTS\lib\</path>
         <kind>archive</kind>
         <file>rtsv7M4_T_le_eabi.lib</file>
         <name>copy_zero_init.obj</name>
      </input_file>
      <input_file id="fl-c5">
         <path>F:\Embedded LAB\tiCSS\ccsv7\tools\compiler\ti-cgt-arm_16.9.4.LTS\lib\</path>
         <kind>archive</kind>
         <file>rtsv7M4_T_le_eabi.lib</file>
         <name>exit.obj</name>
      </input_file>
      <input_file id="fl-c6">
         <path>F:\Embedded LAB\tiCSS\ccsv7\tools\compiler\ti-cgt-arm_16.9.4.LTS\lib\</path>
         <kind>archive</kind>
         <file>rtsv7M4_T_le_eabi.lib</file>
         <name>memcpy_t2.obj</name>
      </input_file>
      <input_file id="fl-c7">
         <path>F:\Embedded LAB\tiCSS\ccsv7\tools\compiler\ti-cgt-arm_16.9.4.LTS\lib\</path>
         <kind>archive</kind>
         <file>rtsv7M4_T_le_eabi.lib</file>
         <name>memset_t2.obj</name>
      </input_file>
      <input_file id="fl-c8">
         <path>F:\Embedded LAB\tiCSS\ccsv7\tools\compiler\ti-cgt-arm_16.9.4.LTS\lib\</path>
         <kind>archive</kind>
         <file>rtsv7M4_T_le_eabi.lib</file>
         <name>mpu_init.obj</name>
      </input_file>
      <input_file id="fl-c9">
         <path>F:\Embedded LAB\tiCSS\ccsv7\tools\compiler\ti-cgt-arm_16.9.4.LTS\lib\</path>
         <kind>archive</kind>
         <file>rtsv7M4_T_le_eabi.lib</file>
         <name>pre_init.obj</name>
      </input_file>
      <input_file id="fl-ca">
         <path>F:\Embedded LAB\tiCSS\ccsv7\tools\compiler\ti-cgt-arm_16.9.4.LTS\lib\</path>
         <kind>archive</kind>
         <file>rtsv7M4_T_le_eabi.lib</file>
         <name>printf.obj</name>
      </input_file>
      <input_file id="fl-cb">
         <path>F:\Embedded LAB\tiCSS\ccsv7\tools\compiler\ti-cgt-arm_16.9.4.LTS\lib\</path>
         <kind>archive</kind>
         <file>rtsv7M4_T_le_eabi.lib</file>
         <name>stkdepth_vars.obj</name>
      </input_file>
      <input_file id="fl-cc">
         <path>F:\Embedded LAB\tiCSS\ccsv7\tools\compiler\ti-cgt-arm_16.9.4.LTS\lib\</path>
         <kind>archive</kind>
         <file>rtsv7M4_T_le_eabi.lib</file>
         <name>_lock.obj</name>
      </input_file>
      <input_file id="fl-cd">
         <path>F:\Embedded LAB\tiCSS\ccsv7\tools\compiler\ti-cgt-arm_16.9.4.LTS\lib\</path>
         <kind>archive</kind>
         <file>rtsv7M4_T_le_eabi.lib</file>
         <name>_printfi.obj</name>
      </input_file>
      <input_file id="fl-ce">
         <path>F:\Embedded LAB\tiCSS\ccsv7\tools\compiler\ti-cgt-arm_16.9.4.LTS\lib\</path>
         <kind>archive</kind>
         <file>rtsv7M4_T_le_eabi.lib</file>
         <name>args_main.obj</name>
      </input_file>
      <input_file id="fl-cf">
         <path>F:\Embedded LAB\tiCSS\ccsv7\tools\compiler\ti-cgt-arm_16.9.4.LTS\lib\</path>
         <kind>archive</kind>
         <file>rtsv7M4_T_le_eabi.lib</file>
         <name>atoi.obj</name>
      </input_file>
      <input_file id="fl-d0">
         <path>F:\Embedded LAB\tiCSS\ccsv7\tools\compiler\ti-cgt-arm_16.9.4.LTS\lib\</path>
         <kind>archive</kind>
         <file>rtsv7M4_T_le_eabi.lib</file>
         <name>autoinit.obj</name>
      </input_file>
      <input_file id="fl-d1">
         <path>F:\Embedded LAB\tiCSS\ccsv7\tools\compiler\ti-cgt-arm_16.9.4.LTS\lib\</path>
         <kind>archive</kind>
         <file>rtsv7M4_T_le_eabi.lib</file>
         <name>cpy_tbl.obj</name>
      </input_file>
      <input_file id="fl-d2">
         <path>F:\Embedded LAB\tiCSS\ccsv7\tools\compiler\ti-cgt-arm_16.9.4.LTS\lib\</path>
         <kind>archive</kind>
         <file>rtsv7M4_T_le_eabi.lib</file>
         <name>ctype.obj</name>
      </input_file>
      <input_file id="fl-d3">
         <path>F:\Embedded LAB\tiCSS\ccsv7\tools\compiler\ti-cgt-arm_16.9.4.LTS\lib\</path>
         <kind>archive</kind>
         <file>rtsv7M4_T_le_eabi.lib</file>
         <name>defs.obj</name>
      </input_file>
      <input_file id="fl-d4">
         <path>F:\Embedded LAB\tiCSS\ccsv7\tools\compiler\ti-cgt-arm_16.9.4.LTS\lib\</path>
         <kind>archive</kind>
         <file>rtsv7M4_T_le_eabi.lib</file>
         <name>fd_add_t2.obj</name>
      </input_file>
      <input_file id="fl-d5">
         <path>F:\Embedded LAB\tiCSS\ccsv7\tools\compiler\ti-cgt-arm_16.9.4.LTS\lib\</path>
         <kind>archive</kind>
         <file>rtsv7M4_T_le_eabi.lib</file>
         <name>fd_cmp_t2.obj</name>
      </input_file>
      <input_file id="fl-d6">
         <path>F:\Embedded LAB\tiCSS\ccsv7\tools\compiler\ti-cgt-arm_16.9.4.LTS\lib\</path>
         <kind>archive</kind>
         <file>rtsv7M4_T_le_eabi.lib</file>
         <name>fd_div_t2.obj</name>
      </input_file>
      <input_file id="fl-d7">
         <path>F:\Embedded LAB\tiCSS\ccsv7\tools\compiler\ti-cgt-arm_16.9.4.LTS\lib\</path>
         <kind>archive</kind>
         <file>rtsv7M4_T_le_eabi.lib</file>
         <name>fd_mul_t2.obj</name>
      </input_file>
      <input_file id="fl-d8">
         <path>F:\Embedded LAB\tiCSS\ccsv7\tools\compiler\ti-cgt-arm_16.9.4.LTS\lib\</path>
         <kind>archive</kind>
         <file>rtsv7M4_T_le_eabi.lib</file>
         <name>fd_toi_t2.obj</name>
      </input_file>
      <input_file id="fl-d9">
         <path>F:\Embedded LAB\tiCSS\ccsv7\tools\compiler\ti-cgt-arm_16.9.4.LTS\lib\</path>
         <kind>archive</kind>
         <file>rtsv7M4_T_le_eabi.lib</file>
         <name>fputc.obj</name>
      </input_file>
      <input_file id="fl-da">
         <path>F:\Embedded LAB\tiCSS\ccsv7\tools\compiler\ti-cgt-arm_16.9.4.LTS\lib\</path>
         <kind>archive</kind>
         <file>rtsv7M4_T_le_eabi.lib</file>
         <name>fputs.obj</name>
      </input_file>
      <input_file id="fl-db">
         <path>F:\Embedded LAB\tiCSS\ccsv7\tools\compiler\ti-cgt-arm_16.9.4.LTS\lib\</path>
         <kind>archive</kind>
         <file>rtsv7M4_T_le_eabi.lib</file>
         <name>i_tofd_t2.obj</name>
      </input_file>
      <input_file id="fl-dc">
         <path>F:\Embedded LAB\tiCSS\ccsv7\tools\compiler\ti-cgt-arm_16.9.4.LTS\lib\</path>
         <kind>archive</kind>
         <file>rtsv7M4_T_le_eabi.lib</file>
         <name>ltoa.obj</name>
      </input_file>
      <input_file id="fl-dd">
         <path>F:\Embedded LAB\tiCSS\ccsv7\tools\compiler\ti-cgt-arm_16.9.4.LTS\lib\</path>
         <kind>archive</kind>
         <file>rtsv7M4_T_le_eabi.lib</file>
         <name>memccpy.obj</name>
      </input_file>
      <input_file id="fl-de">
         <path>F:\Embedded LAB\tiCSS\ccsv7\tools\compiler\ti-cgt-arm_16.9.4.LTS\lib\</path>
         <kind>archive</kind>
         <file>rtsv7M4_T_le_eabi.lib</file>
         <name>memchr.obj</name>
      </input_file>
      <input_file id="fl-df">
         <path>F:\Embedded LAB\tiCSS\ccsv7\tools\compiler\ti-cgt-arm_16.9.4.LTS\lib\</path>
         <kind>archive</kind>
         <file>rtsv7M4_T_le_eabi.lib</file>
         <name>s_frexp.obj</name>
      </input_file>
      <input_file id="fl-e0">
         <path>F:\Embedded LAB\tiCSS\ccsv7\tools\compiler\ti-cgt-arm_16.9.4.LTS\lib\</path>
         <kind>archive</kind>
         <file>rtsv7M4_T_le_eabi.lib</file>
         <name>s_scalbn.obj</name>
      </input_file>
      <input_file id="fl-e1">
         <path>F:\Embedded LAB\tiCSS\ccsv7\tools\compiler\ti-cgt-arm_16.9.4.LTS\lib\</path>
         <kind>archive</kind>
         <file>rtsv7M4_T_le_eabi.lib</file>
         <name>startup.obj</name>
      </input_file>
      <input_file id="fl-e2">
         <path>F:\Embedded LAB\tiCSS\ccsv7\tools\compiler\ti-cgt-arm_16.9.4.LTS\lib\</path>
         <kind>archive</kind>
         <file>rtsv7M4_T_le_eabi.lib</file>
         <name>strchr.obj</name>
      </input_file>
      <input_file id="fl-e3">
         <path>F:\Embedded LAB\tiCSS\ccsv7\tools\compiler\ti-cgt-arm_16.9.4.LTS\lib\</path>
         <kind>archive</kind>
         <file>rtsv7M4_T_le_eabi.lib</file>
         <name>strlen.obj</name>
      </input_file>
      <input_file id="fl-e4">
         <path>F:\Embedded LAB\tiCSS\ccsv7\tools\compiler\ti-cgt-arm_16.9.4.LTS\lib\</path>
         <kind>archive</kind>
         <file>rtsv7M4_T_le_eabi.lib</file>
         <name>ull_div_t2.obj</name>
      </input_file>
      <input_file id="fl-e5">
         <path>F:\Embedded LAB\tiCSS\ccsv7\tools\compiler\ti-cgt-arm_16.9.4.LTS\lib\</path>
         <kind>archive</kind>
         <file>rtsv7M4_T_le_eabi.lib</file>
         <name>write.obj</name>
      </input_file>
      <input_file id="fl-e6">
         <path>F:\Embedded LAB\tiCSS\ccsv7\tools\compiler\ti-cgt-arm_16.9.4.LTS\lib\</path>
         <kind>archive</kind>
         <file>rtsv7M4_T_le_eabi.lib</file>
         <name>_io_perm.obj</name>
      </input_file>
      <input_file id="fl-e7">
         <path>F:\Embedded LAB\tiCSS\ccsv7\tools\compiler\ti-cgt-arm_16.9.4.LTS\lib\</path>
         <kind>archive</kind>
         <file>rtsv7M4_T_le_eabi.lib</file>
         <name>errno.obj</name>
      </input_file>
      <input_file id="fl-e8">
         <path>F:\Embedded LAB\tiCSS\ccsv7\tools\compiler\ti-cgt-arm_16.9.4.LTS\lib\</path>
         <kind>archive</kind>
         <file>rtsv7M4_T_le_eabi.lib</file>
         <name>fflush.obj</name>
      </input_file>
      <input_file id="fl-e9">
         <path>F:\Embedded LAB\tiCSS\ccsv7\tools\compiler\ti-cgt-arm_16.9.4.LTS\lib\</path>
         <kind>archive</kind>
         <file>rtsv7M4_T_le_eabi.lib</file>
         <name>fseek.obj</name>
      </input_file>
      <input_file id="fl-ea">
         <path>F:\Embedded LAB\tiCSS\ccsv7\tools\compiler\ti-cgt-arm_16.9.4.LTS\lib\</path>
         <kind>archive</kind>
         <file>rtsv7M4_T_le_eabi.lib</file>
         <name>hostclose.obj</name>
      </input_file>
      <input_file id="fl-eb">
         <path>F:\Embedded LAB\tiCSS\ccsv7\tools\compiler\ti-cgt-arm_16.9.4.LTS\lib\</path>
         <kind>archive</kind>
         <file>rtsv7M4_T_le_eabi.lib</file>
         <name>hostlseek.obj</name>
      </input_file>
      <input_file id="fl-ec">
         <path>F:\Embedded LAB\tiCSS\ccsv7\tools\compiler\ti-cgt-arm_16.9.4.LTS\lib\</path>
         <kind>archive</kind>
         <file>rtsv7M4_T_le_eabi.lib</file>
         <name>hostopen.obj</name>
      </input_file>
      <input_file id="fl-ed">
         <path>F:\Embedded LAB\tiCSS\ccsv7\tools\compiler\ti-cgt-arm_16.9.4.LTS\lib\</path>
         <kind>archive</kind>
         <file>rtsv7M4_T_le_eabi.lib</file>
         <name>hostread.obj</name>
      </input_file>
      <input_file id="fl-ee">
         <path>F:\Embedded LAB\tiCSS\ccsv7\tools\compiler\ti-cgt-arm_16.9.4.LTS\lib\</path>
         <kind>archive</kind>
         <file>rtsv7M4_T_le_eabi.lib</file>
         <name>hostrename.obj</name>
      </input_file>
      <input_file id="fl-ef">
         <path>F:\Embedded LAB\tiCSS\ccsv7\tools\compiler\ti-cgt-arm_16.9.4.LTS\lib\</path>
         <kind>archive</kind>
         <file>rtsv7M4_T_le_eabi.lib</file>
         <name>hostunlink.obj</name>
      </input_file>
      <input_file id="fl-f0">
         <path>F:\Embedded LAB\tiCSS\ccsv7\tools\compiler\ti-cgt-arm_16.9.4.LTS\lib\</path>
         <kind>archive</kind>
         <file>rtsv7M4_T_le_eabi.lib</file>
         <name>hostwrite.obj</name>
      </input_file>
      <input_file id="fl-f1">
         <path>F:\Embedded LAB\tiCSS\ccsv7\tools\compiler\ti-cgt-arm_16.9.4.LTS\lib\</path>
         <kind>archive</kind>
         <file>rtsv7M4_T_le_eabi.lib</file>
         <name>lseek.obj</name>
      </input_file>
      <input_file id="fl-f2">
         <path>F:\Embedded LAB\tiCSS\ccsv7\tools\compiler\ti-cgt-arm_16.9.4.LTS\lib\</path>
         <kind>archive</kind>
         <file>rtsv7M4_T_le_eabi.lib</file>
         <name>s_copysign.obj</name>
      </input_file>
      <input_file id="fl-f3">
         <path>F:\Embedded LAB\tiCSS\ccsv7\tools\compiler\ti-cgt-arm_16.9.4.LTS\lib\</path>
         <kind>archive</kind>
         <file>rtsv7M4_T_le_eabi.lib</file>
         <name>setvbuf.obj</name>
      </input_file>
      <input_file id="fl-f4">
         <path>F:\Embedded LAB\tiCSS\ccsv7\tools\compiler\ti-cgt-arm_16.9.4.LTS\lib\</path>
         <kind>archive</kind>
         <file>rtsv7M4_T_le_eabi.lib</file>
         <name>strcpy.obj</name>
      </input_file>
      <input_file id="fl-f5">
         <path>F:\Embedded LAB\tiCSS\ccsv7\tools\compiler\ti-cgt-arm_16.9.4.LTS\lib\</path>
         <kind>archive</kind>
         <file>rtsv7M4_T_le_eabi.lib</file>
         <name>trgmsg.obj</name>
      </input_file>
      <input_file id="fl-f6">
         <path>F:\Embedded LAB\tiCSS\ccsv7\tools\compiler\ti-cgt-arm_16.9.4.LTS\lib\</path>
         <kind>archive</kind>
         <file>rtsv7M4_T_le_eabi.lib</file>
         <name>fopen.obj</name>
      </input_file>
      <input_file id="fl-f7">
         <path>F:\Embedded LAB\tiCSS\ccsv7\tools\compiler\ti-cgt-arm_16.9.4.LTS\lib\</path>
         <kind>archive</kind>
         <file>rtsv7M4_T_le_eabi.lib</file>
         <name>memory.obj</name>
      </input_file>
      <input_file id="fl-f8">
         <path>F:\Embedded LAB\tiCSS\ccsv7\tools\compiler\ti-cgt-arm_16.9.4.LTS\lib\</path>
         <kind>archive</kind>
         <file>rtsv7M4_T_le_eabi.lib</file>
         <name>open.obj</name>
      </input_file>
      <input_file id="fl-f9">
         <path>F:\Embedded LAB\tiCSS\ccsv7\tools\compiler\ti-cgt-arm_16.9.4.LTS\lib\</path>
         <kind>archive</kind>
         <file>rtsv7M4_T_le_eabi.lib</file>
         <name>fclose.obj</name>
      </input_file>
      <input_file id="fl-fa">
         <path>F:\Embedded LAB\tiCSS\ccsv7\tools\compiler\ti-cgt-arm_16.9.4.LTS\lib\</path>
         <kind>archive</kind>
         <file>rtsv7M4_T_le_eabi.lib</file>
         <name>getdevice.obj</name>
      </input_file>
      <input_file id="fl-fb">
         <path>F:\Embedded LAB\tiCSS\ccsv7\tools\compiler\ti-cgt-arm_16.9.4.LTS\lib\</path>
         <kind>archive</kind>
         <file>rtsv7M4_T_le_eabi.lib</file>
         <name>remove.obj</name>
      </input_file>
      <input_file id="fl-fc">
         <path>F:\Embedded LAB\tiCSS\ccsv7\tools\compiler\ti-cgt-arm_16.9.4.LTS\lib\</path>
         <kind>archive</kind>
         <file>rtsv7M4_T_le_eabi.lib</file>
         <name>strcmp.obj</name>
      </input_file>
      <input_file id="fl-fd">
         <path>F:\Embedded LAB\tiCSS\ccsv7\tools\compiler\ti-cgt-arm_16.9.4.LTS\lib\</path>
         <kind>archive</kind>
         <file>rtsv7M4_T_le_eabi.lib</file>
         <name>strncpy.obj</name>
      </input_file>
      <input_file id="fl-fe">
         <path>F:\Embedded LAB\tiCSS\ccsv7\tools\compiler\ti-cgt-arm_16.9.4.LTS\lib\</path>
         <kind>archive</kind>
         <file>rtsv7M4_T_le_eabi.lib</file>
         <name>unlink.obj</name>
      </input_file>
      <input_file id="fl-ff">
         <path>F:\Embedded LAB\tiCSS\ccsv7\tools\compiler\ti-cgt-arm_16.9.4.LTS\lib\</path>
         <kind>archive</kind>
         <file>rtsv7M4_T_le_eabi.lib</file>
         <name>close.obj</name>
      </input_file>
      <input_file id="fl-100">
         <path>C:\ti\CC3200SDK_1.3.0\cc3200-sdk\driverlib\ccs\Release\</path>
         <kind>archive</kind>
         <file>driverlib.a</file>
         <name>gpio.obj</name>
      </input_file>
      <input_file id="fl-101">
         <path>C:\ti\CC3200SDK_1.3.0\cc3200-sdk\driverlib\ccs\Release\</path>
         <kind>archive</kind>
         <file>driverlib.a</file>
         <name>interrupt.obj</name>
      </input_file>
      <input_file id="fl-102">
         <path>C:\ti\CC3200SDK_1.3.0\cc3200-sdk\driverlib\ccs\Release\</path>
         <kind>archive</kind>
         <file>driverlib.a</file>
         <name>pin.obj</name>
      </input_file>
      <input_file id="fl-103">
         <path>C:\ti\CC3200SDK_1.3.0\cc3200-sdk\driverlib\ccs\Release\</path>
         <kind>archive</kind>
         <file>driverlib.a</file>
         <name>prcm.obj</name>
      </input_file>
      <input_file id="fl-104">
         <path>C:\ti\CC3200SDK_1.3.0\cc3200-sdk\driverlib\ccs\Release\</path>
         <kind>archive</kind>
         <file>driverlib.a</file>
         <name>spi.obj</name>
      </input_file>
      <input_file id="fl-105">
         <path>C:\ti\CC3200SDK_1.3.0\cc3200-sdk\driverlib\ccs\Release\</path>
         <kind>archive</kind>
         <file>driverlib.a</file>
         <name>timer.obj</name>
      </input_file>
      <input_file id="fl-106">
         <path>C:\ti\CC3200SDK_1.3.0\cc3200-sdk\driverlib\ccs\Release\</path>
         <kind>archive</kind>
         <file>driverlib.a</file>
         <name>utils.obj</name>
      </input_file>
      <input_file id="fl-107">
         <path>C:\ti\CC3200SDK_1.3.0\cc3200-sdk\driverlib\ccs\Release\</path>
         <kind>archive</kind>
         <file>driverlib.a</file>
         <name>cpu.obj</name>
      </input_file>
      <input_file id="fl-108">
         <path>C:\ti\CC3200SDK_1.3.0\cc3200-sdk\driverlib\ccs\Release\</path>
         <kind>archive</kind>
         <file>driverlib.a</file>
         <name>flash.obj</name>
      </input_file>
   </input_file_list>
   <object_component_list>
      <object_component id="oc-f">
         <name>.intvecs</name>
         <load_address>0x20004000</load_address>
         <run_address>0x20004000</run_address>
         <size>0x400</size>
         <input_file_ref idref="fl-5"/>
      </object_component>
      <object_component id="oc-24d">
         <name>.text</name>
         <load_address>0x20004400</load_address>
         <run_address>0x20004400</run_address>
         <size>0x1122</size>
         <input_file_ref idref="fl-cd"/>
      </object_component>
      <object_component id="oc-353">
         <name>.text:IntDefaultHandler</name>
         <load_address>0x20005522</load_address>
         <run_address>0x20005522</run_address>
         <size>0x2</size>
         <input_file_ref idref="fl-101"/>
      </object_component>
      <object_component id="oc-3b9">
         <name>.text</name>
         <load_address>0x20005524</load_address>
         <run_address>0x20005524</run_address>
         <size>0x3d0</size>
         <input_file_ref idref="fl-f7"/>
      </object_component>
      <object_component id="oc-a8">
         <name>.text</name>
         <load_address>0x200058f4</load_address>
         <run_address>0x200058f4</run_address>
         <size>0x3a4</size>
         <input_file_ref idref="fl-3"/>
      </object_component>
      <object_component id="oc-de">
         <name>.text</name>
         <load_address>0x20005c98</load_address>
         <run_address>0x20005c98</run_address>
         <size>0x398</size>
         <input_file_ref idref="fl-2"/>
      </object_component>
      <object_component id="oc-2e2">
         <name>.text</name>
         <load_address>0x20006030</load_address>
         <run_address>0x20006030</run_address>
         <size>0x1f4</size>
         <input_file_ref idref="fl-e4"/>
      </object_component>
      <object_component id="oc-3bf">
         <name>.text</name>
         <load_address>0x20006224</load_address>
         <run_address>0x20006224</run_address>
         <size>0x1c4</size>
         <input_file_ref idref="fl-f6"/>
      </object_component>
      <object_component id="oc-30b">
         <name>.text</name>
         <load_address>0x200063e8</load_address>
         <run_address>0x200063e8</run_address>
         <size>0x1b6</size>
         <input_file_ref idref="fl-d4"/>
      </object_component>
      <object_component id="oc-59">
         <name>.text</name>
         <load_address>0x2000659e</load_address>
         <run_address>0x2000659e</run_address>
         <size>0x2</size>
         <input_file_ref idref="fl-c8"/>
      </object_component>
      <object_component id="oc-f0">
         <name>.text</name>
         <load_address>0x200065a0</load_address>
         <run_address>0x200065a0</run_address>
         <size>0x198</size>
         <input_file_ref idref="fl-6"/>
      </object_component>
      <object_component id="oc-108">
         <name>.text:PRCMCC3200MCUInit</name>
         <load_address>0x20006738</load_address>
         <run_address>0x20006738</run_address>
         <size>0x178</size>
         <input_file_ref idref="fl-103"/>
      </object_component>
      <object_component id="oc-10e">
         <name>.text</name>
         <load_address>0x200068b0</load_address>
         <run_address>0x200068b0</run_address>
         <size>0x170</size>
         <input_file_ref idref="fl-4"/>
      </object_component>
      <object_component id="oc-2f1">
         <name>.text</name>
         <load_address>0x20006a20</load_address>
         <run_address>0x20006a20</run_address>
         <size>0x136</size>
         <input_file_ref idref="fl-d6"/>
      </object_component>
      <object_component id="oc-a0">
         <name>.text</name>
         <load_address>0x20006b56</load_address>
         <run_address>0x20006b56</run_address>
         <size>0x2</size>
         <input_file_ref idref="fl-e1"/>
      </object_component>
      <object_component id="oc-247">
         <name>.text</name>
         <load_address>0x20006b58</load_address>
         <run_address>0x20006b58</run_address>
         <size>0x134</size>
         <input_file_ref idref="fl-da"/>
      </object_component>
      <object_component id="oc-2ec">
         <name>.text</name>
         <load_address>0x20006c8c</load_address>
         <run_address>0x20006c8c</run_address>
         <size>0xfc</size>
         <input_file_ref idref="fl-d7"/>
      </object_component>
      <object_component id="oc-366">
         <name>.text</name>
         <load_address>0x20006d88</load_address>
         <run_address>0x20006d88</run_address>
         <size>0xdc</size>
         <input_file_ref idref="fl-f3"/>
      </object_component>
      <object_component id="oc-1a2">
         <name>.text:SPITransfer32</name>
         <load_address>0x20006e64</load_address>
         <run_address>0x20006e64</run_address>
         <size>0xd0</size>
         <input_file_ref idref="fl-104"/>
      </object_component>
      <object_component id="oc-316">
         <name>.text</name>
         <load_address>0x20006f34</load_address>
         <run_address>0x20006f34</run_address>
         <size>0xd0</size>
         <input_file_ref idref="fl-e0"/>
      </object_component>
      <object_component id="oc-19c">
         <name>.text:SPITransfer16</name>
         <load_address>0x20007004</load_address>
         <run_address>0x20007004</run_address>
         <size>0xce</size>
         <input_file_ref idref="fl-104"/>
      </object_component>
      <object_component id="oc-2c6">
         <name>.text</name>
         <load_address>0x200070d4</load_address>
         <run_address>0x200070d4</run_address>
         <size>0xc8</size>
         <input_file_ref idref="fl-e8"/>
      </object_component>
      <object_component id="oc-401">
         <name>.text</name>
         <load_address>0x2000719c</load_address>
         <run_address>0x2000719c</run_address>
         <size>0xbc</size>
         <input_file_ref idref="fl-f8"/>
      </object_component>
      <object_component id="oc-196">
         <name>.text:SPITransfer8</name>
         <load_address>0x20007258</load_address>
         <run_address>0x20007258</run_address>
         <size>0xb8</size>
         <input_file_ref idref="fl-104"/>
      </object_component>
      <object_component id="oc-2c0">
         <name>.text</name>
         <load_address>0x20007310</load_address>
         <run_address>0x20007310</run_address>
         <size>0xac</size>
         <input_file_ref idref="fl-e6"/>
      </object_component>
      <object_component id="oc-291">
         <name>.text:IntDisable</name>
         <load_address>0x200073bc</load_address>
         <run_address>0x200073bc</run_address>
         <size>0xa8</size>
         <input_file_ref idref="fl-101"/>
      </object_component>
      <object_component id="oc-102">
         <name>.text:IntEnable</name>
         <load_address>0x20007464</load_address>
         <run_address>0x20007464</run_address>
         <size>0xa8</size>
         <input_file_ref idref="fl-101"/>
      </object_component>
      <object_component id="oc-126">
         <name>.text:SPIConfigSetExpClk</name>
         <load_address>0x2000750c</load_address>
         <run_address>0x2000750c</run_address>
         <size>0xa0</size>
         <input_file_ref idref="fl-104"/>
      </object_component>
      <object_component id="oc-41">
         <name>.text</name>
         <load_address>0x200075ac</load_address>
         <run_address>0x200075ac</run_address>
         <size>0x9c</size>
         <input_file_ref idref="fl-c6"/>
      </object_component>
      <object_component id="oc-407">
         <name>.text</name>
         <load_address>0x20007648</load_address>
         <run_address>0x20007648</run_address>
         <size>0x98</size>
         <input_file_ref idref="fl-f9"/>
      </object_component>
      <object_component id="oc-241">
         <name>.text</name>
         <load_address>0x200076e0</load_address>
         <run_address>0x200076e0</run_address>
         <size>0x98</size>
         <input_file_ref idref="fl-d9"/>
      </object_component>
      <object_component id="oc-120">
         <name>.text:PRCMPeripheralClockGet</name>
         <load_address>0x20007778</load_address>
         <run_address>0x20007778</run_address>
         <size>0x94</size>
         <input_file_ref idref="fl-103"/>
      </object_component>
      <object_component id="oc-2ae">
         <name>.text:PinConfigSet</name>
         <load_address>0x2000780c</load_address>
         <run_address>0x2000780c</run_address>
         <size>0x88</size>
         <input_file_ref idref="fl-102"/>
      </object_component>
      <object_component id="oc-ea">
         <name>.text:SPITransfer</name>
         <load_address>0x20007894</load_address>
         <run_address>0x20007894</run_address>
         <size>0x88</size>
         <input_file_ref idref="fl-104"/>
      </object_component>
      <object_component id="oc-2e7">
         <name>.text:__aeabi_cdcmple</name>
         <load_address>0x2000791c</load_address>
         <run_address>0x2000791c</run_address>
         <size>0x86</size>
         <input_file_ref idref="fl-d5"/>
      </object_component>
      <object_component id="oc-2f6">
         <name>.text:__aeabi_cdrcmple</name>
         <load_address>0x200079a2</load_address>
         <run_address>0x200079a2</run_address>
         <size>0x86</size>
         <input_file_ref idref="fl-d5"/>
      </object_component>
      <object_component id="oc-16b">
         <name>.text:GPIOIntTypeSet</name>
         <load_address>0x20007a28</load_address>
         <run_address>0x20007a28</run_address>
         <size>0x82</size>
         <input_file_ref idref="fl-100"/>
      </object_component>
      <object_component id="oc-4d">
         <name>.text</name>
         <load_address>0x20007aaa</load_address>
         <run_address>0x20007aaa</run_address>
         <size>0x7a</size>
         <input_file_ref idref="fl-c7"/>
      </object_component>
      <object_component id="oc-1b6">
         <name>.text:TimerIntRegister</name>
         <load_address>0x20007b24</load_address>
         <run_address>0x20007b24</run_address>
         <size>0x70</size>
         <input_file_ref idref="fl-105"/>
      </object_component>
      <object_component id="oc-65">
         <name>.text</name>
         <load_address>0x20007b94</load_address>
         <run_address>0x20007b94</run_address>
         <size>0x70</size>
         <input_file_ref idref="fl-d0"/>
      </object_component>
      <object_component id="oc-444">
         <name>.text</name>
         <load_address>0x20007c04</load_address>
         <run_address>0x20007c04</run_address>
         <size>0x70</size>
         <input_file_ref idref="fl-fa"/>
      </object_component>
      <object_component id="oc-138">
         <name>.text</name>
         <load_address>0x20007c74</load_address>
         <run_address>0x20007c74</run_address>
         <size>0x70</size>
         <input_file_ref idref="fl-ca"/>
      </object_component>
      <object_component id="oc-436">
         <name>.text</name>
         <load_address>0x20007ce4</load_address>
         <run_address>0x20007ce4</run_address>
         <size>0x6c</size>
         <input_file_ref idref="fl-ee"/>
      </object_component>
      <object_component id="oc-1e6">
         <name>.text:TimerIntUnregister</name>
         <load_address>0x20007d50</load_address>
         <run_address>0x20007d50</run_address>
         <size>0x68</size>
         <input_file_ref idref="fl-105"/>
      </object_component>
      <object_component id="oc-12">
         <name>.text:decompress:lzss</name>
         <load_address>0x20007db8</load_address>
         <run_address>0x20007db8</run_address>
         <size>0x68</size>
         <input_file_ref idref="fl-c2"/>
      </object_component>
      <object_component id="oc-42a">
         <name>.text</name>
         <load_address>0x20007e20</load_address>
         <run_address>0x20007e20</run_address>
         <size>0x68</size>
         <input_file_ref idref="fl-eb"/>
      </object_component>
      <object_component id="oc-45e">
         <name>.text</name>
         <load_address>0x20007e88</load_address>
         <run_address>0x20007e88</run_address>
         <size>0x68</size>
         <input_file_ref idref="fl-f5"/>
      </object_component>
      <object_component id="oc-360">
         <name>.text</name>
         <load_address>0x20007ef0</load_address>
         <run_address>0x20007ef0</run_address>
         <size>0x64</size>
         <input_file_ref idref="fl-e9"/>
      </object_component>
      <object_component id="oc-412">
         <name>.text</name>
         <load_address>0x20007f54</load_address>
         <run_address>0x20007f54</run_address>
         <size>0x60</size>
         <input_file_ref idref="fl-ec"/>
      </object_component>
      <object_component id="oc-44d">
         <name>.text</name>
         <load_address>0x20007fb4</load_address>
         <run_address>0x20007fb4</run_address>
         <size>0x5c</size>
         <input_file_ref idref="fl-ff"/>
      </object_component>
      <object_component id="oc-310">
         <name>.text</name>
         <load_address>0x20008010</load_address>
         <run_address>0x20008010</run_address>
         <size>0x5c</size>
         <input_file_ref idref="fl-df"/>
      </object_component>
      <object_component id="oc-114">
         <name>.text:PRCMPeripheralReset</name>
         <load_address>0x2000806c</load_address>
         <run_address>0x2000806c</run_address>
         <size>0x58</size>
         <input_file_ref idref="fl-103"/>
      </object_component>
      <object_component id="oc-41e">
         <name>.text</name>
         <load_address>0x200080c4</load_address>
         <run_address>0x200080c4</run_address>
         <size>0x58</size>
         <input_file_ref idref="fl-ed"/>
      </object_component>
      <object_component id="oc-424">
         <name>.text</name>
         <load_address>0x2000811c</load_address>
         <run_address>0x2000811c</run_address>
         <size>0x58</size>
         <input_file_ref idref="fl-f0"/>
      </object_component>
      <object_component id="oc-171">
         <name>.text:IntPrioritySet</name>
         <load_address>0x20008174</load_address>
         <run_address>0x20008174</run_address>
         <size>0x54</size>
         <input_file_ref idref="fl-101"/>
      </object_component>
      <object_component id="oc-71">
         <name>.text</name>
         <load_address>0x200081c8</load_address>
         <run_address>0x200081c8</run_address>
         <size>0x54</size>
         <input_file_ref idref="fl-c5"/>
      </object_component>
      <object_component id="oc-300">
         <name>.text</name>
         <load_address>0x2000821c</load_address>
         <run_address>0x2000821c</run_address>
         <size>0x54</size>
         <input_file_ref idref="fl-dc"/>
      </object_component>
      <object_component id="oc-322">
         <name>.text</name>
         <load_address>0x20008270</load_address>
         <run_address>0x20008270</run_address>
         <size>0x4c</size>
         <input_file_ref idref="fl-cf"/>
      </object_component>
      <object_component id="oc-9a">
         <name>.text</name>
         <load_address>0x200082bc</load_address>
         <run_address>0x200082bc</run_address>
         <size>0x4c</size>
         <input_file_ref idref="fl-d1"/>
      </object_component>
      <object_component id="oc-26b">
         <name>.text:GPIOGetIntNumber</name>
         <load_address>0x20008308</load_address>
         <run_address>0x20008308</run_address>
         <size>0x48</size>
         <input_file_ref idref="fl-100"/>
      </object_component>
      <object_component id="oc-2fb">
         <name>.text</name>
         <load_address>0x20008350</load_address>
         <run_address>0x20008350</run_address>
         <size>0x48</size>
         <input_file_ref idref="fl-d8"/>
      </object_component>
      <object_component id="oc-1aa">
         <name>.text:TimerConfigure</name>
         <load_address>0x20008398</load_address>
         <run_address>0x20008398</run_address>
         <size>0x44</size>
         <input_file_ref idref="fl-105"/>
      </object_component>
      <object_component id="oc-418">
         <name>.text</name>
         <load_address>0x200083dc</load_address>
         <run_address>0x200083dc</run_address>
         <size>0x44</size>
         <input_file_ref idref="fl-ea"/>
      </object_component>
      <object_component id="oc-430">
         <name>.text</name>
         <load_address>0x20008420</load_address>
         <run_address>0x20008420</run_address>
         <size>0x44</size>
         <input_file_ref idref="fl-ef"/>
      </object_component>
      <object_component id="oc-21e">
         <name>.text:PinModeSet</name>
         <load_address>0x20008464</load_address>
         <run_address>0x20008464</run_address>
         <size>0x40</size>
         <input_file_ref idref="fl-102"/>
      </object_component>
      <object_component id="oc-24">
         <name>.text</name>
         <load_address>0x200084a4</load_address>
         <run_address>0x200084a4</run_address>
         <size>0x40</size>
         <input_file_ref idref="fl-c1"/>
      </object_component>
      <object_component id="oc-132">
         <name>.text:PRCMPeripheralClkEnable</name>
         <load_address>0x200084e4</load_address>
         <run_address>0x200084e4</run_address>
         <size>0x3c</size>
         <input_file_ref idref="fl-103"/>
      </object_component>
      <object_component id="oc-22a">
         <name>.text:GPIODirModeSet</name>
         <load_address>0x20008520</load_address>
         <run_address>0x20008520</run_address>
         <size>0x36</size>
         <input_file_ref idref="fl-100"/>
      </object_component>
      <object_component id="oc-480">
         <name>.text</name>
         <load_address>0x20008556</load_address>
         <run_address>0x20008556</run_address>
         <size>0x36</size>
         <input_file_ref idref="fl-fd"/>
      </object_component>
      <object_component id="oc-224">
         <name>.text:PinTypeGPIO</name>
         <load_address>0x2000858c</load_address>
         <run_address>0x2000858c</run_address>
         <size>0x30</size>
         <input_file_ref idref="fl-102"/>
      </object_component>
      <object_component id="oc-306">
         <name>.text</name>
         <load_address>0x200085bc</load_address>
         <run_address>0x200085bc</run_address>
         <size>0x2e</size>
         <input_file_ref idref="fl-db"/>
      </object_component>
      <object_component id="oc-205">
         <name>.text:PRCMSysResetCauseGet</name>
         <load_address>0x200085ec</load_address>
         <run_address>0x200085ec</run_address>
         <size>0x2c</size>
         <input_file_ref idref="fl-103"/>
      </object_component>
      <object_component id="oc-453">
         <name>.text</name>
         <load_address>0x20008618</load_address>
         <run_address>0x20008618</run_address>
         <size>0x2c</size>
         <input_file_ref idref="fl-fe"/>
      </object_component>
      <object_component id="oc-1ce">
         <name>.text:TimerLoadSet</name>
         <load_address>0x20008644</load_address>
         <run_address>0x20008644</run_address>
         <size>0x2a</size>
         <input_file_ref idref="fl-105"/>
      </object_component>
      <object_component id="oc-1b0">
         <name>.text:TimerPrescaleSet</name>
         <load_address>0x2000866e</load_address>
         <run_address>0x2000866e</run_address>
         <size>0x2a</size>
         <input_file_ref idref="fl-105"/>
      </object_component>
      <object_component id="oc-217">
         <name>.text:PRCMPeripheralClkDisable</name>
         <load_address>0x20008698</load_address>
         <run_address>0x20008698</run_address>
         <size>0x28</size>
         <input_file_ref idref="fl-103"/>
      </object_component>
      <object_component id="oc-3b1">
         <name>.text</name>
         <load_address>0x200086c0</load_address>
         <run_address>0x200086c0</run_address>
         <size>0x28</size>
         <input_file_ref idref="fl-f1"/>
      </object_component>
      <object_component id="oc-2cc">
         <name>.text</name>
         <load_address>0x200086e8</load_address>
         <run_address>0x200086e8</run_address>
         <size>0x28</size>
         <input_file_ref idref="fl-e5"/>
      </object_component>
      <object_component id="oc-297">
         <name>.text:IntUnregister</name>
         <load_address>0x20008710</load_address>
         <run_address>0x20008710</run_address>
         <size>0x24</size>
         <input_file_ref idref="fl-101"/>
      </object_component>
      <object_component id="oc-11a">
         <name>.text:SPIReset</name>
         <load_address>0x20008734</load_address>
         <run_address>0x20008734</run_address>
         <size>0x22</size>
         <input_file_ref idref="fl-104"/>
      </object_component>
      <object_component id="oc-e4">
         <name>.text:GPIOPinWrite</name>
         <load_address>0x20008756</load_address>
         <run_address>0x20008756</run_address>
         <size>0x20</size>
         <input_file_ref idref="fl-100"/>
      </object_component>
      <object_component id="oc-271">
         <name>.text:IntRegister</name>
         <load_address>0x20008778</load_address>
         <run_address>0x20008778</run_address>
         <size>0x20</size>
         <input_file_ref idref="fl-101"/>
      </object_component>
      <object_component id="oc-2da">
         <name>.text</name>
         <load_address>0x20008798</load_address>
         <run_address>0x20008798</run_address>
         <size>0x20</size>
         <input_file_ref idref="fl-de"/>
      </object_component>
      <object_component id="oc-177">
         <name>.text:GPIOIntRegister</name>
         <load_address>0x200087b8</load_address>
         <run_address>0x200087b8</run_address>
         <size>0x1e</size>
         <input_file_ref idref="fl-100"/>
      </object_component>
      <object_component id="oc-1da">
         <name>.text:TimerDisable</name>
         <load_address>0x200087d6</load_address>
         <run_address>0x200087d6</run_address>
         <size>0x1e</size>
         <input_file_ref idref="fl-105"/>
      </object_component>
      <object_component id="oc-1d4">
         <name>.text:TimerEnable</name>
         <load_address>0x200087f4</load_address>
         <run_address>0x200087f4</run_address>
         <size>0x1e</size>
         <input_file_ref idref="fl-105"/>
      </object_component>
      <object_component id="oc-1c2">
         <name>.text:TimerIntStatus</name>
         <load_address>0x20008812</load_address>
         <run_address>0x20008812</run_address>
         <size>0x1e</size>
         <input_file_ref idref="fl-105"/>
      </object_component>
      <object_component id="oc-1ec">
         <name>.text:TimerValueGet</name>
         <load_address>0x20008830</load_address>
         <run_address>0x20008830</run_address>
         <size>0x1c</size>
         <input_file_ref idref="fl-105"/>
      </object_component>
      <object_component id="oc-328">
         <name>.text</name>
         <load_address>0x2000884c</load_address>
         <run_address>0x2000884c</run_address>
         <size>0x1c</size>
         <input_file_ref idref="fl-dd"/>
      </object_component>
      <object_component id="oc-183">
         <name>.text:GPIOIntEnable</name>
         <load_address>0x20008868</load_address>
         <run_address>0x20008868</run_address>
         <size>0x1a</size>
         <input_file_ref idref="fl-100"/>
      </object_component>
      <object_component id="oc-230">
         <name>.text:PinTypeSPI</name>
         <load_address>0x20008882</load_address>
         <run_address>0x20008882</run_address>
         <size>0x1a</size>
         <input_file_ref idref="fl-102"/>
      </object_component>
      <object_component id="oc-d8">
         <name>.text:GPIOPinRead</name>
         <load_address>0x2000889c</load_address>
         <run_address>0x2000889c</run_address>
         <size>0x18</size>
         <input_file_ref idref="fl-100"/>
      </object_component>
      <object_component id="oc-12c">
         <name>.text:SPIEnable</name>
         <load_address>0x200088b4</load_address>
         <run_address>0x200088b4</run_address>
         <size>0x18</size>
         <input_file_ref idref="fl-104"/>
      </object_component>
      <object_component id="oc-1e0">
         <name>.text:TimerIntDisable</name>
         <load_address>0x200088cc</load_address>
         <run_address>0x200088cc</run_address>
         <size>0x18</size>
         <input_file_ref idref="fl-105"/>
      </object_component>
      <object_component id="oc-1bc">
         <name>.text:TimerIntEnable</name>
         <load_address>0x200088e4</load_address>
         <run_address>0x200088e4</run_address>
         <size>0x18</size>
         <input_file_ref idref="fl-105"/>
      </object_component>
      <object_component id="oc-6b">
         <name>.text</name>
         <load_address>0x200088fc</load_address>
         <run_address>0x200088fc</run_address>
         <size>0x18</size>
         <input_file_ref idref="fl-ce"/>
      </object_component>
      <object_component id="oc-47a">
         <name>.text</name>
         <load_address>0x20008914</load_address>
         <run_address>0x20008914</run_address>
         <size>0x18</size>
         <input_file_ref idref="fl-fc"/>
      </object_component>
      <object_component id="oc-20b">
         <name>.text:PRCMHIBRegRead</name>
         <load_address>0x2000892c</load_address>
         <run_address>0x2000892c</run_address>
         <size>0x16</size>
         <input_file_ref idref="fl-103"/>
      </object_component>
      <object_component id="oc-211">
         <name>.text:PRCMHIBRegWrite</name>
         <load_address>0x20008942</load_address>
         <run_address>0x20008942</run_address>
         <size>0x16</size>
         <input_file_ref idref="fl-103"/>
      </object_component>
      <object_component id="oc-31c">
         <name>.text</name>
         <load_address>0x20008958</load_address>
         <run_address>0x20008958</run_address>
         <size>0x16</size>
         <input_file_ref idref="fl-e2"/>
      </object_component>
      <object_component id="oc-1f5">
         <name>.text:CPUcpsie</name>
         <load_address>0x2000896e</load_address>
         <run_address>0x2000896e</run_address>
         <size>0x14</size>
         <input_file_ref idref="fl-107"/>
      </object_component>
      <object_component id="oc-17d">
         <name>.text:GPIOIntClear</name>
         <load_address>0x20008982</load_address>
         <run_address>0x20008982</run_address>
         <size>0x14</size>
         <input_file_ref idref="fl-100"/>
      </object_component>
      <object_component id="oc-f6">
         <name>.text:IntVTableBaseSet</name>
         <load_address>0x20008998</load_address>
         <run_address>0x20008998</run_address>
         <size>0x14</size>
         <input_file_ref idref="fl-101"/>
      </object_component>
      <object_component id="oc-152">
         <name>.text</name>
         <load_address>0x200089ac</load_address>
         <run_address>0x200089ac</run_address>
         <size>0x14</size>
         <input_file_ref idref="fl-cc"/>
      </object_component>
      <object_component id="oc-472">
         <name>.text</name>
         <load_address>0x200089c0</load_address>
         <run_address>0x200089c0</run_address>
         <size>0x14</size>
         <input_file_ref idref="fl-f4"/>
      </object_component>
      <object_component id="oc-2d4">
         <name>.text</name>
         <load_address>0x200089d4</load_address>
         <run_address>0x200089d4</run_address>
         <size>0x14</size>
         <input_file_ref idref="fl-e3"/>
      </object_component>
      <object_component id="oc-1c8">
         <name>.text:TimerIntClear</name>
         <load_address>0x200089e8</load_address>
         <run_address>0x200089e8</run_address>
         <size>0x12</size>
         <input_file_ref idref="fl-105"/>
      </object_component>
      <object_component id="oc-18">
         <name>.text:decompress:none</name>
         <load_address>0x200089fa</load_address>
         <run_address>0x200089fa</run_address>
         <size>0xe</size>
         <input_file_ref idref="fl-c3"/>
      </object_component>
      <object_component id="oc-2d">
         <name>.text</name>
         <load_address>0x20008a08</load_address>
         <run_address>0x20008a08</run_address>
         <size>0xe</size>
         <input_file_ref idref="fl-5"/>
      </object_component>
      <object_component id="oc-1e">
         <name>.text:decompress:ZI</name>
         <load_address>0x20008a16</load_address>
         <run_address>0x20008a16</run_address>
         <size>0xc</size>
         <input_file_ref idref="fl-c4"/>
      </object_component>
      <object_component id="oc-fc">
         <name>.text:IntMasterEnable</name>
         <load_address>0x20008a22</load_address>
         <run_address>0x20008a22</run_address>
         <size>0xa</size>
         <input_file_ref idref="fl-101"/>
      </object_component>
      <object_component id="oc-391">
         <name>.text</name>
         <load_address>0x20008a2c</load_address>
         <run_address>0x20008a2c</run_address>
         <size>0x8</size>
         <input_file_ref idref="fl-f2"/>
      </object_component>
      <object_component id="oc-2a6">
         <name>.text:UtilsDelay</name>
         <load_address>0x20008a34</load_address>
         <run_address>0x20008a34</run_address>
         <size>0x6</size>
         <input_file_ref idref="fl-106"/>
      </object_component>
      <object_component id="oc-5f">
         <name>.text</name>
         <load_address>0x20008a3a</load_address>
         <run_address>0x20008a3a</run_address>
         <size>0x4</size>
         <input_file_ref idref="fl-c9"/>
      </object_component>
      <object_component id="oc-39e">
         <name>.const:.string:_ctypes_</name>
         <load_address>0x20008a40</load_address>
         <run_address>0x20008a40</run_address>
         <size>0x101</size>
         <input_file_ref idref="fl-d2"/>
      </object_component>
      <object_component id="oc-2aa">
         <name>.const:g_ulPinToPadMap</name>
         <load_address>0x20008b44</load_address>
         <run_address>0x20008b44</run_address>
         <size>0x100</size>
         <input_file_ref idref="fl-102"/>
      </object_component>
      <object_component id="oc-267">
         <name>.const:g_pulRegs</name>
         <load_address>0x20008c44</load_address>
         <run_address>0x20008c44</run_address>
         <size>0xd4</size>
         <input_file_ref idref="fl-101"/>
      </object_component>
      <object_component id="oc-237">
         <name>.const:PRCM_PeriphRegsList</name>
         <load_address>0x20008d18</load_address>
         <run_address>0x20008d18</run_address>
         <size>0xa8</size>
         <input_file_ref idref="fl-103"/>
      </object_component>
      <object_component id="oc-201">
         <name>.const</name>
         <load_address>0x20008dc0</load_address>
         <run_address>0x20008dc0</run_address>
         <size>0x80</size>
         <input_file_ref idref="fl-101"/>
      </object_component>
      <object_component id="oc-4df">
         <name>.cinit..data.load</name>
         <load_address>0x20008e40</load_address>
         <run_address>0x20008e40</run_address>
         <size>0x90</size>
      </object_component>
      <object_component id="oc-4dd">
         <name>__TI_handler_table</name>
         <load_address>0x20008ed0</load_address>
         <run_address>0x20008ed0</run_address>
         <size>0xc</size>
      </object_component>
      <object_component id="oc-4e0">
         <name>.cinit..bss.load</name>
         <load_address>0x20008ee0</load_address>
         <run_address>0x20008ee0</run_address>
         <size>0x8</size>
      </object_component>
      <object_component id="oc-4de">
         <name>__TI_cinit_table</name>
         <load_address>0x20008ee8</load_address>
         <run_address>0x20008ee8</run_address>
         <size>0x10</size>
      </object_component>
      <object_component id="oc-191">
         <name>.data:ulReg</name>
         <load_address>0x200277d8</load_address>
         <run_address>0x200277d8</run_address>
         <size>0x14</size>
         <input_file_ref idref="fl-2"/>
      </object_component>
      <object_component id="oc-189">
         <name>.data</name>
         <load_address>0x20027814</load_address>
         <run_address>0x20027814</run_address>
         <size>0xc</size>
         <input_file_ref idref="fl-2"/>
      </object_component>
      <object_component id="oc-13e">
         <name>.data</name>
         <load_address>0x20027820</load_address>
         <run_address>0x20027820</run_address>
         <size>0xc</size>
         <input_file_ref idref="fl-3"/>
      </object_component>
      <object_component id="oc-b0">
         <name>.data:$O1$$</name>
         <load_address>0x200277fc</load_address>
         <run_address>0x200277fc</run_address>
         <size>0xc</size>
         <input_file_ref idref="fl-c5"/>
      </object_component>
      <object_component id="oc-77">
         <name>.data</name>
         <load_address>0x20027840</load_address>
         <run_address>0x20027840</run_address>
         <size>0x4</size>
         <input_file_ref idref="fl-cb"/>
      </object_component>
      <object_component id="oc-b3">
         <name>.data:$O1$$</name>
         <load_address>0x2002782c</load_address>
         <run_address>0x2002782c</run_address>
         <size>0x8</size>
         <input_file_ref idref="fl-cc"/>
      </object_component>
      <object_component id="oc-253">
         <name>.data:_ftable</name>
         <load_address>0x20027620</load_address>
         <run_address>0x20027620</run_address>
         <size>0xf0</size>
         <input_file_ref idref="fl-d3"/>
      </object_component>
      <object_component id="oc-36e">
         <name>.data</name>
         <load_address>0x200277ec</load_address>
         <run_address>0x200277ec</run_address>
         <size>0x10</size>
         <input_file_ref idref="fl-d3"/>
      </object_component>
      <object_component id="oc-3d2">
         <name>.data:_device</name>
         <load_address>0x20027710</load_address>
         <run_address>0x20027710</run_address>
         <size>0x78</size>
         <input_file_ref idref="fl-e5"/>
      </object_component>
      <object_component id="oc-373">
         <name>.data:_stream</name>
         <load_address>0x20027788</load_address>
         <run_address>0x20027788</run_address>
         <size>0x50</size>
         <input_file_ref idref="fl-e5"/>
      </object_component>
      <object_component id="oc-397">
         <name>.data</name>
         <load_address>0x20027834</load_address>
         <run_address>0x20027834</run_address>
         <size>0x4</size>
         <input_file_ref idref="fl-e7"/>
      </object_component>
      <object_component id="oc-40d">
         <name>.data</name>
         <load_address>0x20027838</load_address>
         <run_address>0x20027838</run_address>
         <size>0x4</size>
         <input_file_ref idref="fl-f6"/>
      </object_component>
      <object_component id="oc-3fd">
         <name>.data:$O1$$</name>
         <load_address>0x20027808</load_address>
         <run_address>0x20027808</run_address>
         <size>0xc</size>
         <input_file_ref idref="fl-f7"/>
      </object_component>
      <object_component id="oc-44a">
         <name>.data</name>
         <load_address>0x2002783c</load_address>
         <run_address>0x2002783c</run_address>
         <size>0x4</size>
         <input_file_ref idref="fl-f8"/>
      </object_component>
      <object_component id="oc-144">
         <name>.bss</name>
         <uninitialized>true</uninitialized>
         <run_address>0x20026e04</run_address>
         <size>0x8</size>
         <input_file_ref idref="fl-3"/>
      </object_component>
      <object_component id="oc-490">
         <name>.bss:_CIOBUF_</name>
         <uninitialized>true</uninitialized>
         <run_address>0x20026c44</run_address>
         <size>0x120</size>
         <input_file_ref idref="fl-f5"/>
      </object_component>
      <object_component id="oc-18c">
         <name>.common:g_ucLED1Pin</name>
         <uninitialized>true</uninitialized>
         <run_address>0x20026e18</run_address>
         <size>0x1</size>
      </object_component>
      <object_component id="oc-18f">
         <name>.common:g_ucLED2Pin</name>
         <uninitialized>true</uninitialized>
         <run_address>0x20026e19</run_address>
         <size>0x1</size>
      </object_component>
      <object_component id="oc-190">
         <name>.common:g_ucLED3Pin</name>
         <uninitialized>true</uninitialized>
         <run_address>0x20026e1a</run_address>
         <size>0x1</size>
      </object_component>
      <object_component id="oc-147">
         <name>.common:g_ulTimerInts</name>
         <uninitialized>true</uninitialized>
         <run_address>0x20026e14</run_address>
         <size>0x4</size>
      </object_component>
      <object_component id="oc-141">
         <name>.common:DataArray</name>
         <uninitialized>true</uninitialized>
         <run_address>0x2001d000</run_address>
         <size>0x9c44</size>
      </object_component>
      <object_component id="oc-459">
         <name>.common:__TI_tmpnams</name>
         <uninitialized>true</uninitialized>
         <run_address>0x20026d64</run_address>
         <size>0xa0</size>
      </object_component>
      <object_component id="oc-464">
         <name>.common:parmbuf</name>
         <uninitialized>true</uninitialized>
         <run_address>0x20026e0c</run_address>
         <size>0x8</size>
      </object_component>
      <object_component id="oc-2a">
         <name>.sysmem</name>
         <uninitialized>true</uninitialized>
         <run_address>0x20026e20</run_address>
         <size>0x8</size>
         <input_file_ref idref="fl-f7"/>
      </object_component>
      <object_component id="oc-4e2">
         <name>.sysmem</name>
         <uninitialized>true</uninitialized>
         <run_address>0x20026e20</run_address>
         <size>0x0</size>
      </object_component>
      <object_component id="oc-29">
         <name>.stack</name>
         <uninitialized>true</uninitialized>
         <run_address>0x2003f800</run_address>
         <size>0x0</size>
         <input_file_ref idref="fl-c1"/>
      </object_component>
      <object_component id="oc-4e1">
         <name>.stack</name>
         <uninitialized>true</uninitialized>
         <run_address>0x2003f800</run_address>
         <size>0x0</size>
      </object_component>
      <object_component id="oc-18d">
         <name>.debug_info</name>
         <load_address>0x0</load_address>
         <run_address>0x0</run_address>
         <size>0x340</size>
         <input_file_ref idref="fl-2"/>
      </object_component>
      <object_component id="oc-192">
         <name>.debug_info</name>
         <load_address>0x340</load_address>
         <run_address>0x340</run_address>
         <size>0xec</size>
         <input_file_ref idref="fl-2"/>
      </object_component>
      <object_component id="oc-18a">
         <name>.debug_info</name>
         <load_address>0x42c</load_address>
         <run_address>0x42c</run_address>
         <size>0x14d</size>
         <input_file_ref idref="fl-2"/>
      </object_component>
      <object_component id="oc-df">
         <name>.debug_info</name>
         <load_address>0x579</load_address>
         <run_address>0x579</run_address>
         <size>0xef1</size>
         <input_file_ref idref="fl-2"/>
      </object_component>
      <object_component id="oc-2bb">
         <name>.debug_info</name>
         <load_address>0x146a</load_address>
         <run_address>0x146a</run_address>
         <size>0x62</size>
         <input_file_ref idref="fl-2"/>
      </object_component>
      <object_component id="oc-3c">
         <name>.debug_info</name>
         <load_address>0x14cc</load_address>
         <run_address>0x14cc</run_address>
         <size>0x84</size>
         <input_file_ref idref="fl-2"/>
      </object_component>
      <object_component id="oc-1fc">
         <name>.debug_info</name>
         <load_address>0x1550</load_address>
         <run_address>0x1550</run_address>
         <size>0x2c</size>
         <input_file_ref idref="fl-2"/>
      </object_component>
      <object_component id="oc-258">
         <name>.debug_info</name>
         <load_address>0x157c</load_address>
         <run_address>0x157c</run_address>
         <size>0x4e</size>
         <input_file_ref idref="fl-2"/>
      </object_component>
      <object_component id="oc-142">
         <name>.debug_info</name>
         <load_address>0x15ca</load_address>
         <run_address>0x15ca</run_address>
         <size>0x66f</size>
         <input_file_ref idref="fl-3"/>
      </object_component>
      <object_component id="oc-145">
         <name>.debug_info</name>
         <load_address>0x1c39</load_address>
         <run_address>0x1c39</run_address>
         <size>0xe8</size>
         <input_file_ref idref="fl-3"/>
      </object_component>
      <object_component id="oc-13f">
         <name>.debug_info</name>
         <load_address>0x1d21</load_address>
         <run_address>0x1d21</run_address>
         <size>0x11e</size>
         <input_file_ref idref="fl-3"/>
      </object_component>
      <object_component id="oc-a9">
         <name>.debug_info</name>
         <load_address>0x1e3f</load_address>
         <run_address>0x1e3f</run_address>
         <size>0x847</size>
         <input_file_ref idref="fl-3"/>
      </object_component>
      <object_component id="oc-10f">
         <name>.debug_info</name>
         <load_address>0x2686</load_address>
         <run_address>0x2686</run_address>
         <size>0x3ff</size>
         <input_file_ref idref="fl-4"/>
      </object_component>
      <object_component id="oc-35">
         <name>.debug_info</name>
         <load_address>0x2a85</load_address>
         <run_address>0x2a85</run_address>
         <size>0x180</size>
         <input_file_ref idref="fl-5"/>
      </object_component>
      <object_component id="oc-10">
         <name>.debug_info</name>
         <load_address>0x2c05</load_address>
         <run_address>0x2c05</run_address>
         <size>0xff</size>
         <input_file_ref idref="fl-5"/>
      </object_component>
      <object_component id="oc-31">
         <name>.debug_info</name>
         <load_address>0x2d04</load_address>
         <run_address>0x2d04</run_address>
         <size>0x420</size>
         <input_file_ref idref="fl-5"/>
      </object_component>
      <object_component id="oc-1f3">
         <name>.debug_info</name>
         <load_address>0x3124</load_address>
         <run_address>0x3124</run_address>
         <size>0x445</size>
         <input_file_ref idref="fl-6"/>
      </object_component>
      <object_component id="oc-f3">
         <name>.debug_info</name>
         <load_address>0x3569</load_address>
         <run_address>0x3569</run_address>
         <size>0x9f5</size>
         <input_file_ref idref="fl-6"/>
      </object_component>
      <object_component id="oc-27">
         <name>.debug_info</name>
         <load_address>0x3f5e</load_address>
         <run_address>0x3f5e</run_address>
         <size>0x160</size>
         <input_file_ref idref="fl-c1"/>
      </object_component>
      <object_component id="oc-87">
         <name>.debug_info</name>
         <load_address>0x40be</load_address>
         <run_address>0x40be</run_address>
         <size>0x165</size>
         <input_file_ref idref="fl-c2"/>
      </object_component>
      <object_component id="oc-15">
         <name>.debug_info</name>
         <load_address>0x4223</load_address>
         <run_address>0x4223</run_address>
         <size>0x245</size>
         <input_file_ref idref="fl-c2"/>
      </object_component>
      <object_component id="oc-37">
         <name>.debug_info</name>
         <load_address>0x4468</load_address>
         <run_address>0x4468</run_address>
         <size>0x60</size>
         <input_file_ref idref="fl-c2"/>
      </object_component>
      <object_component id="oc-82">
         <name>.debug_info</name>
         <load_address>0x44c8</load_address>
         <run_address>0x44c8</run_address>
         <size>0x46</size>
         <input_file_ref idref="fl-c2"/>
      </object_component>
      <object_component id="oc-4c">
         <name>.debug_info</name>
         <load_address>0x450e</load_address>
         <run_address>0x450e</run_address>
         <size>0x1ac</size>
         <input_file_ref idref="fl-c3"/>
      </object_component>
      <object_component id="oc-1a">
         <name>.debug_info</name>
         <load_address>0x46ba</load_address>
         <run_address>0x46ba</run_address>
         <size>0x1df</size>
         <input_file_ref idref="fl-c3"/>
      </object_component>
      <object_component id="oc-47">
         <name>.debug_info</name>
         <load_address>0x4899</load_address>
         <run_address>0x4899</run_address>
         <size>0x46</size>
         <input_file_ref idref="fl-c3"/>
      </object_component>
      <object_component id="oc-89">
         <name>.debug_info</name>
         <load_address>0x48df</load_address>
         <run_address>0x48df</run_address>
         <size>0x2c</size>
         <input_file_ref idref="fl-c3"/>
      </object_component>
      <object_component id="oc-58">
         <name>.debug_info</name>
         <load_address>0x490b</load_address>
         <run_address>0x490b</run_address>
         <size>0x19b</size>
         <input_file_ref idref="fl-c4"/>
      </object_component>
      <object_component id="oc-20">
         <name>.debug_info</name>
         <load_address>0x4aa6</load_address>
         <run_address>0x4aa6</run_address>
         <size>0x1aa</size>
         <input_file_ref idref="fl-c4"/>
      </object_component>
      <object_component id="oc-53">
         <name>.debug_info</name>
         <load_address>0x4c50</load_address>
         <run_address>0x4c50</run_address>
         <size>0x46</size>
         <input_file_ref idref="fl-c4"/>
      </object_component>
      <object_component id="oc-91">
         <name>.debug_info</name>
         <load_address>0x4c96</load_address>
         <run_address>0x4c96</run_address>
         <size>0x2c</size>
         <input_file_ref idref="fl-c4"/>
      </object_component>
      <object_component id="oc-b7">
         <name>.debug_info</name>
         <load_address>0x4cc2</load_address>
         <run_address>0x4cc2</run_address>
         <size>0x2a0</size>
         <input_file_ref idref="fl-c5"/>
      </object_component>
      <object_component id="oc-b1">
         <name>.debug_info</name>
         <load_address>0x4f62</load_address>
         <run_address>0x4f62</run_address>
         <size>0x185</size>
         <input_file_ref idref="fl-c5"/>
      </object_component>
      <object_component id="oc-73">
         <name>.debug_info</name>
         <load_address>0x50e7</load_address>
         <run_address>0x50e7</run_address>
         <size>0x214</size>
         <input_file_ref idref="fl-c5"/>
      </object_component>
      <object_component id="oc-44">
         <name>.debug_info</name>
         <load_address>0x52fb</load_address>
         <run_address>0x52fb</run_address>
         <size>0x111</size>
         <input_file_ref idref="fl-c6"/>
      </object_component>
      <object_component id="oc-4f">
         <name>.debug_info</name>
         <load_address>0x540c</load_address>
         <run_address>0x540c</run_address>
         <size>0x13f</size>
         <input_file_ref idref="fl-c7"/>
      </object_component>
      <object_component id="oc-5b">
         <name>.debug_info</name>
         <load_address>0x554b</load_address>
         <run_address>0x554b</run_address>
         <size>0x138</size>
         <input_file_ref idref="fl-c8"/>
      </object_component>
      <object_component id="oc-60">
         <name>.debug_info</name>
         <load_address>0x5683</load_address>
         <run_address>0x5683</run_address>
         <size>0x148</size>
         <input_file_ref idref="fl-c9"/>
      </object_component>
      <object_component id="oc-257">
         <name>.debug_info</name>
         <load_address>0x57cb</load_address>
         <run_address>0x57cb</run_address>
         <size>0x298</size>
         <input_file_ref idref="fl-ca"/>
      </object_component>
      <object_component id="oc-13a">
         <name>.debug_info</name>
         <load_address>0x5a63</load_address>
         <run_address>0x5a63</run_address>
         <size>0x284</size>
         <input_file_ref idref="fl-ca"/>
      </object_component>
      <object_component id="oc-345">
         <name>.debug_info</name>
         <load_address>0x5ce7</load_address>
         <run_address>0x5ce7</run_address>
         <size>0xae</size>
         <input_file_ref idref="fl-ca"/>
      </object_component>
      <object_component id="oc-78">
         <name>.debug_info</name>
         <load_address>0x5d95</load_address>
         <run_address>0x5d95</run_address>
         <size>0x109</size>
         <input_file_ref idref="fl-cb"/>
      </object_component>
      <object_component id="oc-15a">
         <name>.debug_info</name>
         <load_address>0x5e9e</load_address>
         <run_address>0x5e9e</run_address>
         <size>0x190</size>
         <input_file_ref idref="fl-cc"/>
      </object_component>
      <object_component id="oc-b4">
         <name>.debug_info</name>
         <load_address>0x602e</load_address>
         <run_address>0x602e</run_address>
         <size>0x113</size>
         <input_file_ref idref="fl-cc"/>
      </object_component>
      <object_component id="oc-156">
         <name>.debug_info</name>
         <load_address>0x6141</load_address>
         <run_address>0x6141</run_address>
         <size>0x21f</size>
         <input_file_ref idref="fl-cc"/>
      </object_component>
      <object_component id="oc-32f">
         <name>.debug_info</name>
         <load_address>0x6360</load_address>
         <run_address>0x6360</run_address>
         <size>0x3f1</size>
         <input_file_ref idref="fl-cd"/>
      </object_component>
      <object_component id="oc-24f">
         <name>.debug_info</name>
         <load_address>0x6751</load_address>
         <run_address>0x6751</run_address>
         <size>0x1554</size>
         <input_file_ref idref="fl-cd"/>
      </object_component>
      <object_component id="oc-330">
         <name>.debug_info</name>
         <load_address>0x7ca5</load_address>
         <run_address>0x7ca5</run_address>
         <size>0x86</size>
         <input_file_ref idref="fl-cd"/>
      </object_component>
      <object_component id="oc-33a">
         <name>.debug_info</name>
         <load_address>0x7d2b</load_address>
         <run_address>0x7d2b</run_address>
         <size>0x2c</size>
         <input_file_ref idref="fl-cd"/>
      </object_component>
      <object_component id="oc-3a7">
         <name>.debug_info</name>
         <load_address>0x7d57</load_address>
         <run_address>0x7d57</run_address>
         <size>0x46</size>
         <input_file_ref idref="fl-cd"/>
      </object_component>
      <object_component id="oc-335">
         <name>.debug_info</name>
         <load_address>0x7d9d</load_address>
         <run_address>0x7d9d</run_address>
         <size>0x39</size>
         <input_file_ref idref="fl-cd"/>
      </object_component>
      <object_component id="oc-af">
         <name>.debug_info</name>
         <load_address>0x7dd6</load_address>
         <run_address>0x7dd6</run_address>
         <size>0x1d2</size>
         <input_file_ref idref="fl-ce"/>
      </object_component>
      <object_component id="oc-6f">
         <name>.debug_info</name>
         <load_address>0x7fa8</load_address>
         <run_address>0x7fa8</run_address>
         <size>0x167</size>
         <input_file_ref idref="fl-ce"/>
      </object_component>
      <object_component id="oc-14b">
         <name>.debug_info</name>
         <load_address>0x810f</load_address>
         <run_address>0x810f</run_address>
         <size>0x5e</size>
         <input_file_ref idref="fl-ce"/>
      </object_component>
      <object_component id="oc-3a2">
         <name>.debug_info</name>
         <load_address>0x816d</load_address>
         <run_address>0x816d</run_address>
         <size>0x180</size>
         <input_file_ref idref="fl-cf"/>
      </object_component>
      <object_component id="oc-323">
         <name>.debug_info</name>
         <load_address>0x82ed</load_address>
         <run_address>0x82ed</run_address>
         <size>0x171</size>
         <input_file_ref idref="fl-cf"/>
      </object_component>
      <object_component id="oc-a7">
         <name>.debug_info</name>
         <load_address>0x845e</load_address>
         <run_address>0x845e</run_address>
         <size>0x355</size>
         <input_file_ref idref="fl-d0"/>
      </object_component>
      <object_component id="oc-66">
         <name>.debug_info</name>
         <load_address>0x87b3</load_address>
         <run_address>0x87b3</run_address>
         <size>0x190</size>
         <input_file_ref idref="fl-d0"/>
      </object_component>
      <object_component id="oc-ce">
         <name>.debug_info</name>
         <load_address>0x8943</load_address>
         <run_address>0x8943</run_address>
         <size>0x39</size>
         <input_file_ref idref="fl-d0"/>
      </object_component>
      <object_component id="oc-165">
         <name>.debug_info</name>
         <load_address>0x897c</load_address>
         <run_address>0x897c</run_address>
         <size>0x39</size>
         <input_file_ref idref="fl-d0"/>
      </object_component>
      <object_component id="oc-d3">
         <name>.debug_info</name>
         <load_address>0x89b5</load_address>
         <run_address>0x89b5</run_address>
         <size>0xcd</size>
         <input_file_ref idref="fl-d0"/>
      </object_component>
      <object_component id="oc-ca">
         <name>.debug_info</name>
         <load_address>0x8a82</load_address>
         <run_address>0x8a82</run_address>
         <size>0x24c</size>
         <input_file_ref idref="fl-d1"/>
      </object_component>
      <object_component id="oc-9c">
         <name>.debug_info</name>
         <load_address>0x8cce</load_address>
         <run_address>0x8cce</run_address>
         <size>0x183</size>
         <input_file_ref idref="fl-d1"/>
      </object_component>
      <object_component id="oc-160">
         <name>.debug_info</name>
         <load_address>0x8e51</load_address>
         <run_address>0x8e51</run_address>
         <size>0x2c</size>
         <input_file_ref idref="fl-d1"/>
      </object_component>
      <object_component id="oc-3f4">
         <name>.debug_info</name>
         <load_address>0x8e7d</load_address>
         <run_address>0x8e7d</run_address>
         <size>0xee</size>
         <input_file_ref idref="fl-d2"/>
      </object_component>
      <object_component id="oc-39f">
         <name>.debug_info</name>
         <load_address>0x8f6b</load_address>
         <run_address>0x8f6b</run_address>
         <size>0xfa</size>
         <input_file_ref idref="fl-d2"/>
      </object_component>
      <object_component id="oc-341">
         <name>.debug_info</name>
         <load_address>0x9065</load_address>
         <run_address>0x9065</run_address>
         <size>0x139</size>
         <input_file_ref idref="fl-d3"/>
      </object_component>
      <object_component id="oc-254">
         <name>.debug_info</name>
         <load_address>0x919e</load_address>
         <run_address>0x919e</run_address>
         <size>0xf7</size>
         <input_file_ref idref="fl-d3"/>
      </object_component>
      <object_component id="oc-36f">
         <name>.debug_info</name>
         <load_address>0x9295</load_address>
         <run_address>0x9295</run_address>
         <size>0x184</size>
         <input_file_ref idref="fl-d3"/>
      </object_component>
      <object_component id="oc-30c">
         <name>.debug_info</name>
         <load_address>0x9419</load_address>
         <run_address>0x9419</run_address>
         <size>0x144</size>
         <input_file_ref idref="fl-d4"/>
      </object_component>
      <object_component id="oc-2e9">
         <name>.debug_info</name>
         <load_address>0x955d</load_address>
         <run_address>0x955d</run_address>
         <size>0x120</size>
         <input_file_ref idref="fl-d5"/>
      </object_component>
      <object_component id="oc-2f9">
         <name>.debug_info</name>
         <load_address>0x967d</load_address>
         <run_address>0x967d</run_address>
         <size>0x122</size>
         <input_file_ref idref="fl-d5"/>
      </object_component>
      <object_component id="oc-2f3">
         <name>.debug_info</name>
         <load_address>0x979f</load_address>
         <run_address>0x979f</run_address>
         <size>0x132</size>
         <input_file_ref idref="fl-d6"/>
      </object_component>
      <object_component id="oc-2ed">
         <name>.debug_info</name>
         <load_address>0x98d1</load_address>
         <run_address>0x98d1</run_address>
         <size>0x132</size>
         <input_file_ref idref="fl-d7"/>
      </object_component>
      <object_component id="oc-2fe">
         <name>.debug_info</name>
         <load_address>0x9a03</load_address>
         <run_address>0x9a03</run_address>
         <size>0x126</size>
         <input_file_ref idref="fl-d8"/>
      </object_component>
      <object_component id="oc-2d3">
         <name>.debug_info</name>
         <load_address>0x9b29</load_address>
         <run_address>0x9b29</run_address>
         <size>0x24a</size>
         <input_file_ref idref="fl-d9"/>
      </object_component>
      <object_component id="oc-244">
         <name>.debug_info</name>
         <load_address>0x9d73</load_address>
         <run_address>0x9d73</run_address>
         <size>0x23f</size>
         <input_file_ref idref="fl-d9"/>
      </object_component>
      <object_component id="oc-2e1">
         <name>.debug_info</name>
         <load_address>0x9fb2</load_address>
         <run_address>0x9fb2</run_address>
         <size>0x30e</size>
         <input_file_ref idref="fl-da"/>
      </object_component>
      <object_component id="oc-248">
         <name>.debug_info</name>
         <load_address>0xa2c0</load_address>
         <run_address>0xa2c0</run_address>
         <size>0x359</size>
         <input_file_ref idref="fl-da"/>
      </object_component>
      <object_component id="oc-307">
         <name>.debug_info</name>
         <load_address>0xa619</load_address>
         <run_address>0xa619</run_address>
         <size>0x124</size>
         <input_file_ref idref="fl-db"/>
      </object_component>
      <object_component id="oc-387">
         <name>.debug_info</name>
         <load_address>0xa73d</load_address>
         <run_address>0xa73d</run_address>
         <size>0x1b8</size>
         <input_file_ref idref="fl-dc"/>
      </object_component>
      <object_component id="oc-303">
         <name>.debug_info</name>
         <load_address>0xa8f5</load_address>
         <run_address>0xa8f5</run_address>
         <size>0x1c2</size>
         <input_file_ref idref="fl-dc"/>
      </object_component>
      <object_component id="oc-3a4">
         <name>.debug_info</name>
         <load_address>0xaab7</load_address>
         <run_address>0xaab7</run_address>
         <size>0x15d</size>
         <input_file_ref idref="fl-dd"/>
      </object_component>
      <object_component id="oc-329">
         <name>.debug_info</name>
         <load_address>0xac14</load_address>
         <run_address>0xac14</run_address>
         <size>0x1ab</size>
         <input_file_ref idref="fl-dd"/>
      </object_component>
      <object_component id="oc-37d">
         <name>.debug_info</name>
         <load_address>0xadbf</load_address>
         <run_address>0xadbf</run_address>
         <size>0x16c</size>
         <input_file_ref idref="fl-de"/>
      </object_component>
      <object_component id="oc-2dd">
         <name>.debug_info</name>
         <load_address>0xaf2b</load_address>
         <run_address>0xaf2b</run_address>
         <size>0x242</size>
         <input_file_ref idref="fl-de"/>
      </object_component>
      <object_component id="oc-38b">
         <name>.debug_info</name>
         <load_address>0xb16d</load_address>
         <run_address>0xb16d</run_address>
         <size>0x1ab</size>
[...]
         <name>_ctypes_</name>
         <value>0x20008a40</value>
         <object_component_ref idref="oc-39e"/>
      </symbol>
      <symbol id="sm-3f5">
         <name>__TI_tmpnams</name>
         <value>0x20026d64</value>
      </symbol>
      <symbol id="sm-3f6">
         <name>__aeabi_stdout</name>
         <value>0x200277f4</value>
         <object_component_ref idref="oc-36e"/>
      </symbol>
      <symbol id="sm-3f7">
         <name>__aeabi_stderr</name>
         <value>0x200277f8</value>
         <object_component_ref idref="oc-36e"/>
      </symbol>
      <symbol id="sm-3f8">
         <name>__aeabi_stdin</name>
         <value>0x200277f0</value>
         <object_component_ref idref="oc-36e"/>
      </symbol>
      <symbol id="sm-3f9">
         <name>_ftable</name>
         <value>0x20027620</value>
         <object_component_ref idref="oc-253"/>
      </symbol>
      <symbol id="sm-3fa">
         <name>__TI_ft_end</name>
         <value>0x200277ec</value>
         <object_component_ref idref="oc-36e"/>
      </symbol>
      <symbol id="sm-411">
         <name>__aeabi_dsub</name>
         <value>0x200063e9</value>
         <object_component_ref idref="oc-30b"/>
      </symbol>
      <symbol id="sm-412">
         <name>__aeabi_dadd</name>
         <value>0x200063f3</value>
         <object_component_ref idref="oc-30b"/>
      </symbol>
      <symbol id="sm-434">
         <name>__aeabi_cdcmpeq</name>
         <value>0x2000791d</value>
         <object_component_ref idref="oc-2e7"/>
      </symbol>
      <symbol id="sm-435">
         <name>__aeabi_cdcmple</name>
         <value>0x2000791d</value>
         <object_component_ref idref="oc-2e7"/>
      </symbol>
      <symbol id="sm-436">
         <name>__aeabi_cdrcmple</name>
         <value>0x200079a3</value>
         <object_component_ref idref="oc-2f6"/>
      </symbol>
      <symbol id="sm-44a">
         <name>__aeabi_ddiv</name>
         <value>0x20006a21</value>
         <object_component_ref idref="oc-2f1"/>
      </symbol>
      <symbol id="sm-455">
         <name>__aeabi_dmul</name>
         <value>0x20006c8d</value>
         <object_component_ref idref="oc-2ec"/>
      </symbol>
      <symbol id="sm-45f">
         <name>__aeabi_d2iz</name>
         <value>0x20008351</value>
         <object_component_ref idref="oc-2fb"/>
      </symbol>
      <symbol id="sm-476">
         <name>putc</name>
         <value>0x200076e1</value>
         <object_component_ref idref="oc-241"/>
      </symbol>
      <symbol id="sm-477">
         <name>fputc</name>
         <value>0x200076e1</value>
         <object_component_ref idref="oc-241"/>
      </symbol>
      <symbol id="sm-478">
         <name>putchar</name>
         <value>0x20007765</value>
         <object_component_ref idref="oc-241"/>
      </symbol>
      <symbol id="sm-49a">
         <name>puts</name>
         <value>0x20006c65</value>
         <object_component_ref idref="oc-247"/>
      </symbol>
      <symbol id="sm-49b">
         <name>fputs</name>
         <value>0x20006b59</value>
         <object_component_ref idref="oc-247"/>
      </symbol>
      <symbol id="sm-4a5">
         <name>__aeabi_i2d</name>
         <value>0x200085bd</value>
         <object_component_ref idref="oc-306"/>
      </symbol>
      <symbol id="sm-4b4">
         <name>ltoa</name>
         <value>0x2000821d</value>
         <object_component_ref idref="oc-300"/>
      </symbol>
      <symbol id="sm-4c4">
         <name>memccpy</name>
         <value>0x2000884d</value>
         <object_component_ref idref="oc-328"/>
      </symbol>
      <symbol id="sm-4d4">
         <name>memchr</name>
         <value>0x20008799</value>
         <object_component_ref idref="oc-2da"/>
      </symbol>
      <symbol id="sm-4ef">
         <name>frexpl</name>
         <value>0x20008011</value>
         <object_component_ref idref="oc-310"/>
      </symbol>
      <symbol id="sm-4f0">
         <name>frexp</name>
         <value>0x20008011</value>
         <object_component_ref idref="oc-310"/>
      </symbol>
      <symbol id="sm-50e">
         <name>scalbn</name>
         <value>0x20006f35</value>
         <object_component_ref idref="oc-316"/>
      </symbol>
      <symbol id="sm-50f">
         <name>scalbnl</name>
         <value>0x20006f35</value>
         <object_component_ref idref="oc-316"/>
      </symbol>
      <symbol id="sm-510">
         <name>ldexpl</name>
         <value>0x20006f35</value>
         <object_component_ref idref="oc-316"/>
      </symbol>
      <symbol id="sm-511">
         <name>ldexp</name>
         <value>0x20006f35</value>
         <object_component_ref idref="oc-316"/>
      </symbol>
      <symbol id="sm-51b">
         <name>_system_post_cinit</name>
         <value>0x20006b57</value>
         <object_component_ref idref="oc-a0"/>
      </symbol>
      <symbol id="sm-52b">
         <name>strchr</name>
         <value>0x20008959</value>
         <object_component_ref idref="oc-31c"/>
      </symbol>
      <symbol id="sm-539">
         <name>strlen</name>
         <value>0x200089d5</value>
         <object_component_ref idref="oc-2d4"/>
      </symbol>
      <symbol id="sm-555">
         <name>__aeabi_uldivmod</name>
         <value>0x20006031</value>
         <object_component_ref idref="oc-2e2"/>
      </symbol>
      <symbol id="sm-57b">
         <name>_stream</name>
         <value>0x20027788</value>
         <object_component_ref idref="oc-373"/>
      </symbol>
      <symbol id="sm-57c">
         <name>_device</name>
         <value>0x20027710</value>
         <object_component_ref idref="oc-3d2"/>
      </symbol>
      <symbol id="sm-57d">
         <name>write</name>
         <value>0x200086e9</value>
         <object_component_ref idref="oc-2cc"/>
      </symbol>
      <symbol id="sm-59b">
         <name>__TI_wrt_ok</name>
         <value>0x20007311</value>
         <object_component_ref idref="oc-2c0"/>
      </symbol>
      <symbol id="sm-59c">
         <name>__TI_rd_ok</name>
         <value>0x20007373</value>
         <object_component_ref idref="oc-2c0"/>
      </symbol>
      <symbol id="sm-5a4">
         <name>errno</name>
         <value>0x20027834</value>
         <object_component_ref idref="oc-397"/>
      </symbol>
      <symbol id="sm-5be">
         <name>__TI_doflush</name>
         <value>0x200070d5</value>
         <object_component_ref idref="oc-2c6"/>
      </symbol>
      <symbol id="sm-5bf">
         <name>fflush</name>
         <value>0x20007121</value>
         <object_component_ref idref="oc-2c6"/>
      </symbol>
      <symbol id="sm-5d1">
         <name>fseek</name>
         <value>0x20007ef1</value>
         <object_component_ref idref="oc-360"/>
      </symbol>
      <symbol id="sm-5e2">
         <name>HOSTclose</name>
         <value>0x200083dd</value>
         <object_component_ref idref="oc-418"/>
      </symbol>
      <symbol id="sm-5f3">
         <name>HOSTlseek</name>
         <value>0x20007e21</value>
         <object_component_ref idref="oc-42a"/>
      </symbol>
      <symbol id="sm-605">
         <name>parmbuf</name>
         <value>0x20026e0c</value>
      </symbol>
      <symbol id="sm-606">
         <name>HOSTopen</name>
         <value>0x20007f55</value>
         <object_component_ref idref="oc-412"/>
      </symbol>
      <symbol id="sm-617">
         <name>HOSTread</name>
         <value>0x200080c5</value>
         <object_component_ref idref="oc-41e"/>
      </symbol>
      <symbol id="sm-628">
         <name>HOSTrename</name>
         <value>0x20007ce5</value>
         <object_component_ref idref="oc-436"/>
      </symbol>
      <symbol id="sm-639">
         <name>HOSTunlink</name>
         <value>0x20008421</value>
         <object_component_ref idref="oc-430"/>
      </symbol>
      <symbol id="sm-64a">
         <name>HOSTwrite</name>
         <value>0x2000811d</value>
         <object_component_ref idref="oc-424"/>
      </symbol>
      <symbol id="sm-65a">
         <name>lseek</name>
         <value>0x200086c1</value>
         <object_component_ref idref="oc-3b1"/>
      </symbol>
      <symbol id="sm-664">
         <name>copysign</name>
         <value>0x20008a2d</value>
         <object_component_ref idref="oc-391"/>
      </symbol>
      <symbol id="sm-665">
         <name>copysignl</name>
         <value>0x20008a2d</value>
         <object_component_ref idref="oc-391"/>
      </symbol>
      <symbol id="sm-681">
         <name>setvbuf</name>
         <value>0x20006d89</value>
         <object_component_ref idref="oc-366"/>
      </symbol>
      <symbol id="sm-68f">
         <name>strcpy</name>
         <value>0x200089c1</value>
         <object_component_ref idref="oc-472"/>
      </symbol>
      <symbol id="sm-6aa">
         <name>__TI_readmsg</name>
         <value>0x20007ebb</value>
         <object_component_ref idref="oc-45e"/>
      </symbol>
      <symbol id="sm-6ab">
         <name>C$$IO$$</name>
         <value>0x20007eb7</value>
         <object_component_ref idref="oc-45e"/>
      </symbol>
      <symbol id="sm-6ac">
         <name>__CIOBUF_</name>
         <value>0x20026c44</value>
         <object_component_ref idref="oc-490"/>
      </symbol>
      <symbol id="sm-6ad">
         <name>__TI_writemsg</name>
         <value>0x20007e89</value>
         <object_component_ref idref="oc-45e"/>
      </symbol>
      <symbol id="sm-6e4">
         <name>__TI_cleanup</name>
         <value>0x200062ed</value>
         <object_component_ref idref="oc-3bf"/>
      </symbol>
      <symbol id="sm-6e5">
         <name>freopen</name>
         <value>0x20006319</value>
         <object_component_ref idref="oc-3bf"/>
      </symbol>
      <symbol id="sm-6e6">
         <name>fopen</name>
         <value>0x20006343</value>
         <object_component_ref idref="oc-3bf"/>
      </symbol>
      <symbol id="sm-755">
         <name>_sys_memory</name>
         <value>0x20026e20</value>
         <object_component_ref idref="oc-2a"/>
      </symbol>
      <symbol id="sm-756">
         <name>free</name>
         <value>0x2000560f</value>
         <object_component_ref idref="oc-3b9"/>
      </symbol>
      <symbol id="sm-757">
         <name>realloc</name>
         <value>0x200056d1</value>
         <object_component_ref idref="oc-3b9"/>
      </symbol>
      <symbol id="sm-758">
         <name>memalign</name>
         <value>0x200057d9</value>
         <object_component_ref idref="oc-3b9"/>
      </symbol>
      <symbol id="sm-759">
         <name>calloc</name>
         <value>0x200058c5</value>
         <object_component_ref idref="oc-3b9"/>
      </symbol>
      <symbol id="sm-75a">
         <name>malloc</name>
         <value>0x200055a5</value>
         <object_component_ref idref="oc-3b9"/>
      </symbol>
      <symbol id="sm-75b">
         <name>minit</name>
         <value>0x20005525</value>
         <object_component_ref idref="oc-3b9"/>
      </symbol>
      <symbol id="sm-778">
         <name>open</name>
         <value>0x2000719d</value>
         <object_component_ref idref="oc-401"/>
      </symbol>
      <symbol id="sm-78e">
         <name>__TI_closefile</name>
         <value>0x20007649</value>
         <object_component_ref idref="oc-407"/>
      </symbol>
      <symbol id="sm-78f">
         <name>fclose</name>
         <value>0x200076af</value>
         <object_component_ref idref="oc-407"/>
      </symbol>
      <symbol id="sm-7a9">
         <name>finddevice</name>
         <value>0x20007c05</value>
         <object_component_ref idref="oc-444"/>
      </symbol>
      <symbol id="sm-7aa">
         <name>getdevice</name>
         <value>0x20007c2f</value>
         <object_component_ref idref="oc-444"/>
      </symbol>
      <symbol id="sm-7ba">
         <name>strcmp</name>
         <value>0x20008915</value>
         <object_component_ref idref="oc-47a"/>
      </symbol>
      <symbol id="sm-7ca">
         <name>strncpy</name>
         <value>0x20008557</value>
         <object_component_ref idref="oc-480"/>
      </symbol>
      <symbol id="sm-7da">
         <name>unlink</name>
         <value>0x20008619</value>
         <object_component_ref idref="oc-453"/>
      </symbol>
      <symbol id="sm-7ee">
         <name>close</name>
         <value>0x20007fb5</value>
         <object_component_ref idref="oc-44d"/>
      </symbol>
      <symbol id="sm-844">
         <name>GPIOIntRegister</name>
         <value>0x200087b9</value>
         <object_component_ref idref="oc-177"/>
      </symbol>
      <symbol id="sm-845">
         <name>GPIOIntEnable</name>
         <value>0x20008869</value>
         <object_component_ref idref="oc-183"/>
      </symbol>
      <symbol id="sm-846">
         <name>GPIOIntTypeSet</name>
         <value>0x20007a29</value>
         <object_component_ref idref="oc-16b"/>
      </symbol>
      <symbol id="sm-847">
         <name>GPIOIntClear</name>
         <value>0x20008983</value>
         <object_component_ref idref="oc-17d"/>
      </symbol>
      <symbol id="sm-848">
         <name>GPIOPinRead</name>
         <value>0x2000889d</value>
         <object_component_ref idref="oc-d8"/>
      </symbol>
      <symbol id="sm-849">
         <name>GPIODirModeSet</name>
         <value>0x20008521</value>
         <object_component_ref idref="oc-22a"/>
      </symbol>
      <symbol id="sm-84a">
         <name>GPIOPinWrite</name>
         <value>0x20008757</value>
         <object_component_ref idref="oc-e4"/>
      </symbol>
      <symbol id="sm-8c2">
         <name>IntPrioritySet</name>
         <value>0x20008175</value>
         <object_component_ref idref="oc-171"/>
      </symbol>
      <symbol id="sm-8c3">
         <name>IntVTableBaseSet</name>
         <value>0x20008999</value>
         <object_component_ref idref="oc-f6"/>
      </symbol>
      <symbol id="sm-8c4">
         <name>IntEnable</name>
         <value>0x20007465</value>
         <object_component_ref idref="oc-102"/>
      </symbol>
      <symbol id="sm-8c5">
         <name>IntDisable</name>
         <value>0x200073bd</value>
         <object_component_ref idref="oc-291"/>
      </symbol>
      <symbol id="sm-8c6">
         <name>IntRegister</name>
         <value>0x20008779</value>
         <object_component_ref idref="oc-271"/>
      </symbol>
      <symbol id="sm-8c7">
         <name>IntUnregister</name>
         <value>0x20008711</value>
         <object_component_ref idref="oc-297"/>
      </symbol>
      <symbol id="sm-8c8">
         <name>IntMasterEnable</name>
         <value>0x20008a23</value>
         <object_component_ref idref="oc-fc"/>
      </symbol>
      <symbol id="sm-8ff">
         <name>PinTypeGPIO</name>
         <value>0x2000858d</value>
         <object_component_ref idref="oc-224"/>
      </symbol>
      <symbol id="sm-900">
         <name>PinConfigSet</name>
         <value>0x2000780d</value>
         <object_component_ref idref="oc-2ae"/>
      </symbol>
      <symbol id="sm-901">
         <name>PinTypeSPI</name>
         <value>0x20008883</value>
         <object_component_ref idref="oc-230"/>
      </symbol>
      <symbol id="sm-902">
         <name>PinModeSet</name>
         <value>0x20008465</value>
         <object_component_ref idref="oc-21e"/>
      </symbol>
      <symbol id="sm-988">
         <name>PRCMPeripheralReset</name>
         <value>0x2000806d</value>
         <object_component_ref idref="oc-114"/>
      </symbol>
      <symbol id="sm-989">
         <name>PRCMPeripheralClkEnable</name>
         <value>0x200084e5</value>
         <object_component_ref idref="oc-132"/>
      </symbol>
      <symbol id="sm-98a">
         <name>PRCMPeripheralClockGet</name>
         <value>0x20007779</value>
         <object_component_ref idref="oc-120"/>
      </symbol>
      <symbol id="sm-98b">
         <name>PRCMCC3200MCUInit</name>
         <value>0x20006739</value>
         <object_component_ref idref="oc-108"/>
      </symbol>
      <symbol id="sm-98c">
         <name>PRCMHIBRegWrite</name>
         <value>0x20008943</value>
         <object_component_ref idref="oc-211"/>
      </symbol>
      <symbol id="sm-98d">
         <name>PRCMSysResetCauseGet</name>
         <value>0x200085ed</value>
         <object_component_ref idref="oc-205"/>
      </symbol>
      <symbol id="sm-98e">
         <name>PRCMPeripheralClkDisable</name>
         <value>0x20008699</value>
         <object_component_ref idref="oc-217"/>
      </symbol>
      <symbol id="sm-98f">
         <name>PRCMHIBRegRead</name>
         <value>0x2000892d</value>
         <object_component_ref idref="oc-20b"/>
      </symbol>
      <symbol id="sm-9f3">
         <name>SPITransfer</name>
         <value>0x20007895</value>
         <object_component_ref idref="oc-ea"/>
      </symbol>
      <symbol id="sm-9f4">
         <name>SPIEnable</name>
         <value>0x200088b5</value>
         <object_component_ref idref="oc-12c"/>
      </symbol>
      <symbol id="sm-9f5">
         <name>SPIConfigSetExpClk</name>
         <value>0x2000750d</value>
         <object_component_ref idref="oc-126"/>
      </symbol>
      <symbol id="sm-9f6">
         <name>SPIReset</name>
         <value>0x20008735</value>
         <object_component_ref idref="oc-11a"/>
      </symbol>
      <symbol id="sm-a7a">
         <name>TimerLoadSet</name>
         <value>0x20008645</value>
         <object_component_ref idref="oc-1ce"/>
      </symbol>
      <symbol id="sm-a7b">
         <name>TimerDisable</name>
         <value>0x200087d7</value>
         <object_component_ref idref="oc-1da"/>
      </symbol>
      <symbol id="sm-a7c">
         <name>TimerIntRegister</name>
         <value>0x20007b25</value>
         <object_component_ref idref="oc-1b6"/>
      </symbol>
      <symbol id="sm-a7d">
         <name>TimerEnable</name>
         <value>0x200087f5</value>
         <object_component_ref idref="oc-1d4"/>
      </symbol>
      <symbol id="sm-a7e">
         <name>TimerIntUnregister</name>
         <value>0x20007d51</value>
         <object_component_ref idref="oc-1e6"/>
      </symbol>
      <symbol id="sm-a7f">
         <name>TimerIntStatus</name>
         <value>0x20008813</value>
         <object_component_ref idref="oc-1c2"/>
      </symbol>
      <symbol id="sm-a80">
         <name>TimerIntDisable</name>
         <value>0x200088cd</value>
         <object_component_ref idref="oc-1e0"/>
      </symbol>
      <symbol id="sm-a81">
         <name>TimerValueGet</name>
         <value>0x20008831</value>
         <object_component_ref idref="oc-1ec"/>
      </symbol>
      <symbol id="sm-a82">
         <name>TimerPrescaleSet</name>
         <value>0x2000866f</value>
         <object_component_ref idref="oc-1b0"/>
      </symbol>
      <symbol id="sm-a83">
         <name>TimerIntEnable</name>
         <value>0x200088e5</value>
         <object_component_ref idref="oc-1bc"/>
      </symbol>
      <symbol id="sm-a84">
         <name>TimerConfigure</name>
         <value>0x20008399</value>
         <object_component_ref idref="oc-1aa"/>
      </symbol>
      <symbol id="sm-a85">
         <name>TimerIntClear</name>
         <value>0x200089e9</value>
         <object_component_ref idref="oc-1c8"/>
      </symbol>
      <symbol id="sm-a89">
         <name>UtilsDelay</name>
         <value>0x20008a35</value>
         <object_component_ref idref="oc-2a6"/>
      </symbol>
      <symbol id="sm-a93">
         <name>CPUcpsie</name>
         <value>0x2000896f</value>
         <object_component_ref idref="oc-1f5"/>
      </symbol>
      <symbol id="sm-a95">
         <name>__TI_static_base__</name>
         <value>0x20008e40</value>
      </symbol>
      <symbol id="sm-a98">
         <name>SHT$$INIT_ARRAY$$Limit</name>
         <value>0x0</value>
      </symbol>
      <symbol id="sm-a99">
         <name>SHT$$INIT_ARRAY$$Base</name>
         <value>0x0</value>
      </symbol>
      <symbol id="sm-a9a">
         <name>remove</name>
         <value>0x20008619</value>
      </symbol>
   </symbol_table>
   <title>Link successful</title>
</link_info>
